Warning: You are sending unauthenticated requests to the HF Hub. Please set a HF_TOKEN to enable higher rate limits and faster downloads.
Loading weights:   0%|          | 0/272 [00:00<?, ?it/s]Loading weights:   6%|▌         | 15/272 [00:00<00:01, 149.83it/s]Loading weights:  11%|█         | 30/272 [00:00<00:02, 95.07it/s] Loading weights:  22%|██▏       | 61/272 [00:00<00:01, 169.51it/s]Loading weights:  72%|███████▏  | 195/272 [00:00<00:00, 553.14it/s]Loading weights: 100%|██████████| 272/272 [00:00<00:00, 454.55it/s]
band: L19..L26
categories with >=6 single-token candidates: ['country', 'color', 'fruit', 'sport', 'instrument', 'planet', 'tree', 'bird', 'language', 'profession', 'beverage', 'organ', 'city', 'river']
1a mean Spearman by layer: {19: 0.286, 20: 0.311, 21: 0.419, 22: 0.496, 23: 0.603, 24: 0.602, 25: 0.645, 26: 0.649}
1b: 15/84 top-1, 24/84 top-5
{'cat': 'country', 'source': 'Japan', 'target': 'Italy', 'J_comp_rank': 0, 'nonJ_comp_rank': 0, 'nonJ_clamped_rank': 109}
{'cat': 'country', 'source': 'Japan', 'target': 'Mexico', 'J_comp_rank': 0, 'nonJ_comp_rank': 0, 'nonJ_clamped_rank': 108}
{'cat': 'country', 'source': 'Japan', 'target': 'Peru', 'J_comp_rank': 0, 'nonJ_comp_rank': 0, 'nonJ_clamped_rank': 37}
{'cat': 'color', 'source': 'blue', 'target': 'Pink', 'J_comp_rank': 0, 'nonJ_comp_rank': 0, 'nonJ_clamped_rank': 18}
{'cat': 'color', 'source': 'blue', 'target': 'Yellow', 'J_comp_rank': 0, 'nonJ_comp_rank': 0, 'nonJ_clamped_rank': 10}
{'cat': 'color', 'source': 'blue', 'target': 'Cyan', 'J_comp_rank': 9, 'nonJ_comp_rank': 1, 'nonJ_clamped_rank': 37}
{'cat': 'instrument', 'source': 'piano', 'target': 'Horn', 'J_comp_rank': 8, 'nonJ_comp_rank': 1029, 'nonJ_clamped_rank': 9454}
{'cat': 'instrument', 'source': 'piano', 'target': 'Trumpet', 'J_comp_rank': 719, 'nonJ_comp_rank': 1797, 'nonJ_clamped_rank': 5436}
{'cat': 'instrument', 'source': 'piano', 'target': 'Flute', 'J_comp_rank': 668, 'nonJ_comp_rank': 4202, 'nonJ_clamped_rank': 7163}
{'cat': 'tree', 'source': 'palm', 'target': 'Pine', 'J_comp_rank': 240, 'nonJ_comp_rank': 654, 'nonJ_clamped_rank': 5466}
{'cat': 'tree', 'source': 'palm', 'target': 'Elm', 'J_comp_rank': 16204, 'nonJ_comp_rank': 11084, 'nonJ_clamped_rank': 19135}
{'cat': 'tree', 'source': 'palm', 'target': 'Birch', 'J_comp_rank': 3118, 'nonJ_comp_rank': 2620, 'nonJ_clamped_rank': 9482}
{'cat': 'bird', 'source': 'sparrow', 'target': 'Swan', 'J_comp_rank': 200, 'nonJ_comp_rank': 4100, 'nonJ_clamped_rank': 16913}
{'cat': 'bird', 'source': 'sparrow', 'target': 'Robin', 'J_comp_rank': 76, 'nonJ_comp_rank': 789, 'nonJ_clamped_rank': 6697}
{'cat': 'bird', 'source': 'sparrow', 'target': 'Crow', 'J_comp_rank': 1238, 'nonJ_comp_rank': 2049, 'nonJ_clamped_rank': 6960}
{'cat': 'language', 'source': 'English', 'target': 'Japanese', 'J_comp_rank': 1973, 'nonJ_comp_rank': 1150, 'nonJ_clamped_rank': 7895}
{'cat': 'language', 'source': 'English', 'target': 'Korean', 'J_comp_rank': 16, 'nonJ_comp_rank': 1083, 'nonJ_clamped_rank': 11732}
{'cat': 'language', 'source': 'English', 'target': 'Latin', 'J_comp_rank': 256, 'nonJ_comp_rank': 1885, 'nonJ_clamped_rank': 8093}
{'cat': 'profession', 'source': 'artist', 'target': 'Doctor', 'J_comp_rank': 703, 'nonJ_comp_rank': 2847, 'nonJ_clamped_rank': 6937}
{'cat': 'profession', 'source': 'artist', 'target': 'Farmer', 'J_comp_rank': 597, 'nonJ_comp_rank': 2998, 'nonJ_clamped_rank': 13233}
{'cat': 'profession', 'source': 'artist', 'target': 'Writer', 'J_comp_rank': 1441, 'nonJ_comp_rank': 1421, 'nonJ_clamped_rank': 4386}
{'cat': 'beverage', 'source': 'coffee', 'target': 'Soda', 'J_comp_rank': 2, 'nonJ_comp_rank': 815, 'nonJ_clamped_rank': 2142}
{'cat': 'beverage', 'source': 'coffee', 'target': 'Beer', 'J_comp_rank': 172, 'nonJ_comp_rank': 766, 'nonJ_clamped_rank': 6208}
{'cat': 'beverage', 'source': 'coffee', 'target': 'Milk', 'J_comp_rank': 195, 'nonJ_comp_rank': 832, 'nonJ_clamped_rank': 5194}
{'cat': 'organ', 'source': 'heart', 'target': 'Tongue', 'J_comp_rank': 0, 'nonJ_comp_rank': 0, 'nonJ_clamped_rank': 60}
{'cat': 'organ', 'source': 'heart', 'target': 'Nose', 'J_comp_rank': 0, 'nonJ_comp_rank': 0, 'nonJ_clamped_rank': 71}
{'cat': 'organ', 'source': 'heart', 'target': 'Spleen', 'J_comp_rank': 0, 'nonJ_comp_rank': 7, 'nonJ_clamped_rank': 64}
{'cat': 'river', 'source': 'Mississippi', 'target': 'Nile', 'J_comp_rank': 0, 'nonJ_comp_rank': 174, 'nonJ_clamped_rank': 6023}
{'cat': 'river', 'source': 'Mississippi', 'target': 'Amazon', 'J_comp_rank': 1, 'nonJ_comp_rank': 370, 'nonJ_clamped_rank': 11566}
{'cat': 'river', 'source': 'Mississippi', 'target': 'Thames', 'J_comp_rank': 0, 'nonJ_comp_rank': 1168, 'nonJ_clamped_rank': 16609}
1c: {'J_top5': 12, 'nonJ_top5': 8, 'nonJ_clamped_top5': 0, 'n': 30}
saved runs/c1_explore2.json
