Warning: You are sending unauthenticated requests to the HF Hub. Please set a HF_TOKEN to enable higher rate limits and faster downloads.
Loading weights:   0%|          | 0/272 [00:00<?, ?it/s]Loading weights: 100%|██████████| 272/272 [00:00<00:00, 7343.46it/s]
mean resid norms (band): {19: 223.1, 20: 243.1, 21: 283.6, 22: 317.8, 23: 373.9, 24: 446.2, 25: 513.2, 26: 553.4}
prompt tokens: 160, steer span: 121..146, readout at 159
24 single-token concepts
{'surface': 'cook', 'rank_s0': 5228, 'other_min_rank_s0': 44183, 'rank_s1': 1705, 'other_min_rank_s1': 1342, 'rank_s2': 278, 'other_min_rank_s2': 2386, 'rank_s4': 78, 'other_min_rank_s4': 2617, 'rank_s8': 33, 'other_min_rank_s8': 2433, 'rank_s16': 41, 'other_min_rank_s16': 2369}
{'surface': 'summary', 'rank_s0': 6637, 'other_min_rank_s0': 15307, 'rank_s1': 4763, 'other_min_rank_s1': 8299, 'rank_s2': 3690, 'other_min_rank_s2': 3154, 'rank_s4': 3410, 'other_min_rank_s4': 2186, 'rank_s8': 1223, 'other_min_rank_s8': 1594, 'rank_s16': 641, 'other_min_rank_s16': 1185}
{'surface': 'ocean', 'rank_s0': 1203, 'other_min_rank_s0': 24535, 'rank_s1': 25, 'other_min_rank_s1': 82, 'rank_s2': 31, 'other_min_rank_s2': 684, 'rank_s4': 3, 'other_min_rank_s4': 1231, 'rank_s8': 3, 'other_min_rank_s8': 1234, 'rank_s16': 1, 'other_min_rank_s16': 1148}
{'surface': 'ox', 'rank_s0': 4754, 'other_min_rank_s0': 7179, 'rank_s1': 566, 'other_min_rank_s1': 164, 'rank_s2': 94, 'other_min_rank_s2': 492, 'rank_s4': 23, 'other_min_rank_s4': 63, 'rank_s8': 9, 'other_min_rank_s8': 13, 'rank_s16': 4, 'other_min_rank_s16': 6}
{'surface': 'rust', 'rank_s0': 2941, 'other_min_rank_s0': 11922, 'rank_s1': 176, 'other_min_rank_s1': 296, 'rank_s2': 2, 'other_min_rank_s2': 63, 'rank_s4': 1, 'other_min_rank_s4': 39, 'rank_s8': 1, 'other_min_rank_s8': 7, 'rank_s16': 0, 'other_min_rank_s16': 4}
{'surface': 'sock', 'rank_s0': 8023, 'other_min_rank_s0': 21088, 'rank_s1': 8302, 'other_min_rank_s1': 14233, 'rank_s2': 5653, 'other_min_rank_s2': 8482, 'rank_s4': 3438, 'other_min_rank_s4': 6518, 'rank_s8': 997, 'other_min_rank_s8': 5790, 'rank_s16': 306, 'other_min_rank_s16': 5462}
{'surface': 'weight', 'rank_s0': 613, 'other_min_rank_s0': 33735, 'rank_s1': 52, 'other_min_rank_s1': 414, 'rank_s2': 0, 'other_min_rank_s2': 4, 'rank_s4': 0, 'other_min_rank_s4': 0, 'rank_s8': 0, 'other_min_rank_s8': 0, 'rank_s16': 0, 'other_min_rank_s16': 0}
{'surface': 'ear', 'rank_s0': 2941, 'other_min_rank_s0': 20116, 'rank_s1': 2040, 'other_min_rank_s1': 982, 'rank_s2': 1854, 'other_min_rank_s2': 1243, 'rank_s4': 378, 'other_min_rank_s4': 200, 'rank_s8': 53, 'other_min_rank_s8': 56, 'rank_s16': 26, 'other_min_rank_s16': 35}
{'surface': 'case', 'rank_s0': 1612, 'other_min_rank_s0': 8354, 'rank_s1': 594, 'other_min_rank_s1': 732, 'rank_s2': 175, 'other_min_rank_s2': 96, 'rank_s4': 41, 'other_min_rank_s4': 16, 'rank_s8': 6, 'other_min_rank_s8': 10, 'rank_s16': 1, 'other_min_rank_s16': 5}
{'surface': 'line', 'rank_s0': 1469, 'other_min_rank_s0': 14681, 'rank_s1': 126, 'other_min_rank_s1': 34, 'rank_s2': 15, 'other_min_rank_s2': 60, 'rank_s4': 8, 'other_min_rank_s4': 52, 'rank_s8': 5, 'other_min_rank_s8': 18, 'rank_s16': 6, 'other_min_rank_s16': 7}
{'surface': 'picture', 'rank_s0': 1332, 'other_min_rank_s0': 18229, 'rank_s1': 130, 'other_min_rank_s1': 336, 'rank_s2': 17, 'other_min_rank_s2': 13, 'rank_s4': 0, 'other_min_rank_s4': 1, 'rank_s8': 0, 'other_min_rank_s8': 0, 'rank_s16': 0, 'other_min_rank_s16': 0}
{'surface': 'thumb', 'rank_s0': 4754, 'other_min_rank_s0': 6947, 'rank_s1': 2156, 'other_min_rank_s1': 243, 'rank_s2': 1003, 'other_min_rank_s2': 204, 'rank_s4': 37, 'other_min_rank_s4': 20, 'rank_s8': 0, 'other_min_rank_s8': 5, 'rank_s16': 0, 'other_min_rank_s16': 1}
{'surface': 'voltage', 'rank_s0': 4983, 'other_min_rank_s0': 10481, 'rank_s1': 4294, 'other_min_rank_s1': 590, 'rank_s2': 1904, 'other_min_rank_s2': 297, 'rank_s4': 183, 'other_min_rank_s4': 165, 'rank_s8': 2, 'other_min_rank_s8': 169, 'rank_s16': 0, 'other_min_rank_s16': 195}
{'surface': 'scene', 'rank_s0': 5698, 'other_min_rank_s0': 17142, 'rank_s1': 1822, 'other_min_rank_s1': 1135, 'rank_s2': 187, 'other_min_rank_s2': 715, 'rank_s4': 131, 'other_min_rank_s4': 448, 'rank_s8': 84, 'other_min_rank_s8': 261, 'rank_s16': 54, 'other_min_rank_s16': 197}
{'surface': 'race', 'rank_s0': 2717, 'other_min_rank_s0': 17687, 'rank_s1': 59, 'other_min_rank_s1': 642, 'rank_s2': 0, 'other_min_rank_s2': 245, 'rank_s4': 0, 'other_min_rank_s4': 79, 'rank_s8': 0, 'other_min_rank_s8': 18, 'rank_s16': 0, 'other_min_rank_s16': 4}
{'surface': 'trade', 'rank_s0': 4036, 'other_min_rank_s0': 25064, 'rank_s1': 161, 'other_min_rank_s1': 479, 'rank_s2': 4, 'other_min_rank_s2': 161, 'rank_s4': 0, 'other_min_rank_s4': 66, 'rank_s8': 0, 'other_min_rank_s8': 14, 'rank_s16': 0, 'other_min_rank_s16': 5}
{'surface': 'custom', 'rank_s0': 2314, 'other_min_rank_s0': 19056, 'rank_s1': 1198, 'other_min_rank_s1': 527, 'rank_s2': 220, 'other_min_rank_s2': 99, 'rank_s4': 11, 'other_min_rank_s4': 20, 'rank_s8': 3, 'other_min_rank_s8': 3, 'rank_s16': 2, 'other_min_rank_s16': 1}
{'surface': 'path', 'rank_s0': 1776, 'other_min_rank_s0': 12327, 'rank_s1': 1364, 'other_min_rank_s1': 190, 'rank_s2': 50, 'other_min_rank_s2': 51, 'rank_s4': 0, 'other_min_rank_s4': 70, 'rank_s8': 0, 'other_min_rank_s8': 20, 'rank_s16': 0, 'other_min_rank_s16': 18}
{'surface': 'chin', 'rank_s0': 11033, 'other_min_rank_s0': 20208, 'rank_s1': 8997, 'other_min_rank_s1': 3601, 'rank_s2': 7499, 'other_min_rank_s2': 11124, 'rank_s4': 8359, 'other_min_rank_s4': 12279, 'rank_s8': 6307, 'other_min_rank_s8': 9120, 'rank_s16': 4998, 'other_min_rank_s16': 7808}
{'surface': 'pool', 'rank_s0': 3379, 'other_min_rank_s0': 5679, 'rank_s1': 1641, 'other_min_rank_s1': 251, 'rank_s2': 914, 'other_min_rank_s2': 150, 'rank_s4': 232, 'other_min_rank_s4': 231, 'rank_s8': 74, 'other_min_rank_s8': 153, 'rank_s16': 38, 'other_min_rank_s16': 122}
{'surface': 'plane', 'rank_s0': 6190, 'other_min_rank_s0': 33473, 'rank_s1': 2456, 'other_min_rank_s1': 1410, 'rank_s2': 664, 'other_min_rank_s2': 1168, 'rank_s4': 183, 'other_min_rank_s4': 1379, 'rank_s8': 49, 'other_min_rank_s8': 746, 'rank_s16': 37, 'other_min_rank_s16': 436}
{'surface': 'gel', 'rank_s0': 7081, 'other_min_rank_s0': 18591, 'rank_s1': 3786, 'other_min_rank_s1': 4889, 'rank_s2': 1959, 'other_min_rank_s2': 1197, 'rank_s4': 932, 'other_min_rank_s4': 1480, 'rank_s8': 279, 'other_min_rank_s8': 2404, 'rank_s16': 124, 'other_min_rank_s16': 2740}
{'surface': 'board', 'rank_s0': 4516, 'other_min_rank_s0': 5778, 'rank_s1': 2392, 'other_min_rank_s1': 141, 'rank_s2': 782, 'other_min_rank_s2': 100, 'rank_s4': 647, 'other_min_rank_s4': 132, 'rank_s8': 510, 'other_min_rank_s8': 147, 'rank_s16': 151, 'other_min_rank_s16': 126}
{'surface': 'photo', 'rank_s0': 3579, 'other_min_rank_s0': 13885, 'rank_s1': 296, 'other_min_rank_s1': 631, 'rank_s2': 21, 'other_min_rank_s2': 112, 'rank_s4': 4, 'other_min_rank_s4': 78, 'rank_s8': 11, 'other_min_rank_s8': 39, 'rank_s16': 5, 'other_min_rank_s16': 29}
strength 0: median RR 0.000, top1 0/24, blurt-at-other-positions 0
strength 1: median RR 0.001, top1 0/24, blurt-at-other-positions 0
strength 2: median RR 0.005, top1 2/24, blurt-at-other-positions 0
strength 4: median RR 0.026, top1 5/24, blurt-at-other-positions 1
strength 8: median RR 0.143, top1 6/24, blurt-at-other-positions 2
strength 16: median RR 0.200, top1 8/24, blurt-at-other-positions 2
saved runs/c1d_explore.json
