Warning: You are sending unauthenticated requests to the HF Hub. Please set a HF_TOKEN to enable higher rate limits and faster downloads.
Loading weights:   0%|          | 0/272 [00:00<?, ?it/s]Loading weights:   3%|▎         | 9/272 [00:00<00:02, 89.43it/s]Loading weights:  11%|█         | 29/272 [00:00<00:01, 154.29it/s]Loading weights:  44%|████▍     | 121/272 [00:00<00:00, 497.68it/s]Loading weights: 100%|██████████| 272/272 [00:00<00:00, 679.69it/s]
V1 animal: answer='Lion' rank demand=10 nodemand=46
V1 animal: answer='cat' rank demand=6 nodemand=54
V1 animal: answer='cat' rank demand=171 nodemand=434
V1 color: answer='blue' rank demand=1 nodemand=10
V1 color: answer='blue' rank demand=3 nodemand=23
V1 color: answer='blue' rank demand=25 nodemand=183
V1 fruit: answer='lemon' rank demand=6 nodemand=71
V1 fruit: answer='banana' rank demand=6 nodemand=94
V1 fruit: answer='banana' rank demand=164 nodemand=2129
V1 sport: answer='basketball' rank demand=0 nodemand=45
V1 sport: answer='basketball' rank demand=5 nodemand=127
V1 sport: answer='basketball' rank demand=64 nodemand=104
V1 country: answer='United' rank demand=4 nodemand=38
V1 country: answer='United' rank demand=3 nodemand=37
V1 country: answer='United' rank demand=10 nodemand=15
V1 beverage: answer='cozy' rank demand=248 nodemand=318
V1 beverage: answer='coffee' rank demand=2 nodemand=61
V1 beverage: answer='coffee' rank demand=25 nodemand=49
V1 vegetable: answer='vegetable' rank demand=0 nodemand=8
V1 vegetable: answer='type' rank demand=278 nodemand=254
V1 vegetable: answer='vegetable' rank demand=144 nodemand=987
V1 instrument: answer='violin' rank demand=0 nodemand=1
V1 instrument: answer='violin' rank demand=0 nodemand=126
V1 instrument: answer='violin' rank demand=45 nodemand=306

V3 focus-minus-baseline mean target logprob by layer:
  L 0: +0.010
  L 1: +0.005
  L 2: +0.008
  L 3: -0.015
  L 4: +0.022
  L 5: +0.111
  L 6: +0.063
  L 7: +0.036
  L 8: +0.083
  L 9: -0.085
  L10: -0.044
  L11: +0.036
  L12: +0.047
  L13: -0.007
  L14: -0.015
  L15: -0.102
  L16: +0.025
  L17: -0.089
  L18: -0.562
  L19: -0.554
  L20: -0.406
  L21: -0.088
  L22: +0.039
  L23: +0.787
  L24: +0.179
  L25: +0.336
  L26: +0.217
  L27: +0.517
  L28: +0.499
saved runs/c2_variants3.json
