Warning: You are sending unauthenticated requests to the HF Hub. Please set a HF_TOKEN to enable higher rate limits and faster downloads.
Loading weights:   0%|          | 0/320 [00:00<?, ?it/s]Loading weights: 100%|██████████| 320/320 [00:00<00:00, 6064.20it/s]
orange: done
lightning: done
ocean: done
truck: done
guitar: done
castle: done
penguin: done
volcano: done
mirror: done
honey: done
winter: done
robot: done

per-layer probe cosine (think / dont / mention / baseline / null95):
  L 0: +0.072 / +0.072 / +0.072 / +0.072 / +0.139
  L 1: +0.049 / +0.049 / +0.049 / +0.047 / +0.158
  L 2: +0.036 / +0.037 / +0.038 / +0.037 / +0.175
  L 3: +0.038 / +0.038 / +0.038 / +0.039 / +0.164
  L 4: +0.049 / +0.048 / +0.047 / +0.048 / +0.123
  L 5: +0.066 / +0.065 / +0.061 / +0.061 / +0.130
  L 6: +0.072 / +0.072 / +0.069 / +0.069 / +0.134
  L 7: +0.041 / +0.041 / +0.039 / +0.043 / +0.143
  L 8: +0.043 / +0.044 / +0.043 / +0.046 / +0.114
  L 9: +0.047 / +0.047 / +0.044 / +0.049 / +0.135
  L10: +0.042 / +0.040 / +0.037 / +0.041 / +0.120
  L11: +0.029 / +0.032 / +0.028 / +0.036 / +0.145
  L12: +0.048 / +0.046 / +0.045 / +0.051 / +0.143
  L13: +0.054 / +0.046 / +0.053 / +0.053 / +0.129
  L14: +0.083 / +0.069 / +0.069 / +0.068 / +0.122
  L15: +0.101 / +0.069 / +0.070 / +0.068 / +0.138
  L16: +0.116 / +0.070 / +0.079 / +0.067 / +0.155
  L17: +0.120 / +0.071 / +0.079 / +0.065 / +0.141
  L18: +0.120 / +0.069 / +0.081 / +0.058 / +0.154
  L19: +0.154 / +0.067 / +0.090 / +0.045 / +0.140 <-- above null95
  L20: +0.152 / +0.061 / +0.085 / +0.036 / +0.156
  L21: +0.163 / +0.065 / +0.102 / +0.036 / +0.137 <-- above null95
  L22: +0.180 / +0.072 / +0.112 / +0.042 / +0.124 <-- above null95

per-layer mean lens rank (think / dont / baseline):
  L 0:     5203 /     5213 /     5239
  L 1:     4629 /     4635 /     4692
  L 2:     6471 /     6475 /     6758
  L 3:     3097 /     3119 /     3059
  L 4:     3080 /     3203 /     3219
  L 5:     2354 /     2516 /     2808
  L 6:     2665 /     2814 /     3299
  L 7:     2311 /     2234 /     2366
  L 8:     2190 /     2029 /     2005
  L 9:     2416 /     2322 /     2331
  L10:     2260 /     2504 /     2534
  L11:     2139 /     2225 /     2328
  L12:     1950 /     2768 /     2509
  L13:     1421 /     2647 /     2503
  L14:      762 /     2129 /     2351
  L15:      324 /     1729 /     2016
  L16:      247 /     2004 /     2703
  L17:      157 /     2466 /     4031
  L18:      128 /     2462 /     5305
  L19:       13 /     1317 /     4296
  L20:        9 /      624 /     2735
  L21:        5 /      413 /     2047
  L22:        4 /      464 /     2304

blurt (word in model's actual top-10 next-token preds at carrier): 33/36 think trials
saved runs/c2rev_qwen.json
