Warning: You are sending unauthenticated requests to the HF Hub. Please set a HF_TOKEN to enable higher rate limits and faster downloads.
Loading weights:   0%|          | 0/272 [00:00<?, ?it/s]Loading weights: 100%|██████████| 272/272 [00:00<00:00, 7557.10it/s]
countries/capital: 4/4 ['France', 'Canada', 'China', 'Egypt']
countries/language: 3/4 ['France', 'Canada', 'Egypt']
countries/continent: 4/4 ['France', 'Canada', 'China', 'Egypt']
countries/currency: 1/4 ['France']
months/season: 4/4 ['February', 'April', 'July', 'October']
months/number: 0/4 []
months/holiday: 1/4 ['April']
months/next_month: 0/4 []
months/days: 0/4 []
months/half: 0/4 []
animals/habitat: 1/4 ['shark']
animals/legs: 0/4 []
animals/class: 2/4 ['eagle', 'shark']
animals/group: 1/4 ['lion']
animals/legs2: 0/4 []
animals/baby: 1/4 ['spider']
numbers/double: 0/4 []
numbers/square: 0/4 []
numbers/successor: 0/4 []
numbers/first_letter: 0/4 []
numbers/evenodd: 0/4 []
numbers/bigger: 1/4 ['three']
months2/season: 1/4 ['July']
months2/before: 1/4 ['February']
months2/holiday: 0/4 []
months2/half: 0/4 []
animals2/legs: 0/4 []
animals2/covered: 1/4 ['eagle']
animals2/class: 0/4 []
animals2/home: 0/4 []
numbers2/first_letter: 0/4 []
numbers2/evenodd: 0/4 []
numbers2/bigger5: 4/4 ['three', 'four', 'seven', 'eight']
numbers2/double: 0/4 []
alpha=1: 22/30 swaps hit top-1
alpha=2: 6/30 swaps hit top-1
mean loading success/fail: 0.0532 0.0471
by category (last alpha): {'countries': [6, 30]}
saved runs/confirm_c4.json
