Warning: You are sending unauthenticated requests to the HF Hub. Please set a HF_TOKEN to enable higher rate limits and faster downloads.
Loading weights:   0%|          | 0/272 [00:00<?, ?it/s]Loading weights: 100%|██████████| 272/272 [00:00<00:00, 6650.87it/s]
filter: 44/136 items pass (15 ref)
{'family': 'lang-capital', 'inter': 'France', 'swap_to': 'Vietnam', 'want': 'Hanoi', 'pre_rank': 109, 'J_var_share': 0.05458263959735632, 'full_rank': 2, 'J_rank': 28, 'nonJ_rank': 8, 'nonJ_clamped_rank': 30}
{'family': 'lang-capital', 'inter': 'Germany', 'swap_to': 'Portugal', 'want': 'Lisbon', 'pre_rank': 2741, 'J_var_share': 0.056627765647135675, 'full_rank': 0, 'J_rank': 26, 'nonJ_rank': 95, 'nonJ_clamped_rank': 1770}
{'family': 'lang-capital', 'inter': 'Spain', 'swap_to': 'Poland', 'want': 'Warsaw', 'pre_rank': 2544, 'J_var_share': 0.06197176454588771, 'full_rank': 0, 'J_rank': 9, 'nonJ_rank': 14, 'nonJ_clamped_rank': 1830}
{'family': 'lang-capital', 'inter': 'Italy', 'swap_to': 'China', 'want': 'Beijing', 'pre_rank': 1206, 'J_var_share': 0.0541203033644706, 'full_rank': 0, 'J_rank': 0, 'nonJ_rank': 2, 'nonJ_clamped_rank': 642}
{'family': 'lang-capital', 'inter': 'Russia', 'swap_to': 'Finland', 'want': 'Helsinki', 'pre_rank': 121, 'J_var_share': 0.07523296005092561, 'full_rank': 36, 'J_rank': 11, 'nonJ_rank': 3, 'nonJ_clamped_rank': 63}
{'family': 'lang-capital', 'inter': 'Japan', 'swap_to': 'Russia', 'want': 'Moscow', 'pre_rank': 939, 'J_var_share': 0.06288878107443452, 'full_rank': 3, 'J_rank': 0, 'nonJ_rank': 12, 'nonJ_clamped_rank': 1302}
{'family': 'lang-capital', 'inter': 'China', 'swap_to': 'Turkey', 'want': 'Ankara', 'pre_rank': 382, 'J_var_share': 0.0856472053565085, 'full_rank': 211, 'J_rank': 37, 'nonJ_rank': 8, 'nonJ_clamped_rank': 250}
{'family': 'lang-capital', 'inter': 'Poland', 'swap_to': 'Japan', 'want': 'Tokyo', 'pre_rank': 2003, 'J_var_share': 0.051128231338225305, 'full_rank': 0, 'J_rank': 33, 'nonJ_rank': 70, 'nonJ_clamped_rank': 1843}
{'family': 'lang-capital', 'inter': 'Sweden', 'swap_to': 'Vietnam', 'want': 'Hanoi', 'pre_rank': 14, 'J_var_share': 0.04932448040926829, 'full_rank': 5, 'J_rank': 6, 'nonJ_rank': 2, 'nonJ_clamped_rank': 6}
{'family': 'lang-capital', 'inter': 'Greece', 'swap_to': 'Hungary', 'want': 'Budapest', 'pre_rank': 131, 'J_var_share': 0.04592508941277629, 'full_rank': 24, 'J_rank': 0, 'nonJ_rank': 2, 'nonJ_clamped_rank': 75}
{'family': 'lang-capital', 'inter': 'Hungary', 'swap_to': 'Italy', 'want': 'Rome', 'pre_rank': 1276, 'J_var_share': 0.031658034216889064, 'full_rank': 9, 'J_rank': 35, 'nonJ_rank': 64, 'nonJ_clamped_rank': 703}
{'family': 'lang-capital', 'inter': 'Netherlands', 'swap_to': 'Germany', 'want': 'Berlin', 'pre_rank': 143, 'J_var_share': 0.040181459742598236, 'full_rank': 1, 'J_rank': 9, 'nonJ_rank': 6, 'nonJ_clamped_rank': 68}
{'family': 'lang-capital', 'inter': 'Portugal', 'swap_to': 'Thailand', 'want': 'Bangkok', 'pre_rank': 211, 'J_var_share': 0.042150756635237485, 'full_rank': 0, 'J_rank': 0, 'nonJ_rank': 1, 'nonJ_clamped_rank': 62}
{'family': 'lang-capital', 'inter': 'Turkey', 'swap_to': 'Spain', 'want': 'Madrid', 'pre_rank': 1206, 'J_var_share': 0.03186443653248716, 'full_rank': 10, 'J_rank': 11, 'nonJ_rank': 23, 'nonJ_clamped_rank': 1036}
{'family': 'lang-capital', 'inter': 'Korea', 'swap_to': 'Italy', 'want': 'Rome', 'pre_rank': 520, 'J_var_share': 0.056305464124307036, 'full_rank': 28, 'J_rank': 7, 'nonJ_rank': 10, 'nonJ_clamped_rank': 305}
{'family': 'lang-capital', 'inter': 'Thailand', 'swap_to': 'Spain', 'want': 'Madrid', 'pre_rank': 3892, 'J_var_share': 0.05809043406043202, 'full_rank': 2, 'J_rank': 5, 'nonJ_rank': 37, 'nonJ_clamped_rank': 3303}
{'family': 'lang-capital', 'inter': 'Vietnam', 'swap_to': 'Finland', 'want': 'Helsinki', 'pre_rank': 6563, 'J_var_share': 0.051610362716019154, 'full_rank': 42, 'J_rank': 512, 'nonJ_rank': 407, 'nonJ_clamped_rank': 4290}
{'family': 'lang-capital', 'inter': 'Finland', 'swap_to': 'Sweden', 'want': 'Stockholm', 'pre_rank': 19, 'J_var_share': 0.02192189403285738, 'full_rank': 26, 'J_rank': 1, 'nonJ_rank': 6, 'nonJ_clamped_rank': 25}
{'family': 'lang-capital', 'inter': 'Norway', 'swap_to': 'Spain', 'want': 'Madrid', 'pre_rank': 913, 'J_var_share': 0.03625297975531794, 'full_rank': 169, 'J_rank': 0, 'nonJ_rank': 16, 'nonJ_clamped_rank': 674}
{'family': 'lang-capital', 'inter': 'Denmark', 'swap_to': 'Spain', 'want': 'Madrid', 'pre_rank': 718, 'J_var_share': 0.03486098988832964, 'full_rank': 246, 'J_rank': 2, 'nonJ_rank': 14, 'nonJ_clamped_rank': 753}
{'family': 'lang-capital', 'inter': 'England', 'swap_to': 'Norway', 'want': 'Oslo', 'pre_rank': 384, 'J_var_share': 0.020505133958067745, 'full_rank': 1, 'J_rank': 6, 'nonJ_rank': 1, 'nonJ_clamped_rank': 171}
{'family': 'city-language', 'inter': 'Russia', 'swap_to': 'France', 'want': 'French', 'pre_rank': 156, 'J_var_share': 0.07523296005092561, 'full_rank': 0, 'J_rank': 0, 'nonJ_rank': 0, 'nonJ_clamped_rank': 132}
{'family': 'city-language', 'inter': 'France', 'swap_to': 'Russia', 'want': 'Russian', 'pre_rank': 170, 'J_var_share': 0.05458263959735632, 'full_rank': 4, 'J_rank': 0, 'nonJ_rank': 0, 'nonJ_clamped_rank': 101}
{'family': 'city-language', 'inter': 'Egypt', 'swap_to': 'Russia', 'want': 'Russian', 'pre_rank': 370, 'J_var_share': 0.04821653407998383, 'full_rank': 577, 'J_rank': 0, 'nonJ_rank': 4, 'nonJ_clamped_rank': 871}
{'family': 'city-language', 'inter': 'Germany', 'swap_to': 'Netherlands', 'want': 'Dutch', 'pre_rank': 125, 'J_var_share': 0.056627765647135675, 'full_rank': 5, 'J_rank': 0, 'nonJ_rank': 3, 'nonJ_clamped_rank': 70}
{'family': 'city-language', 'inter': 'Spain', 'swap_to': 'Russia', 'want': 'Russian', 'pre_rank': 1230, 'J_var_share': 0.06197176454588771, 'full_rank': 66, 'J_rank': 0, 'nonJ_rank': 1, 'nonJ_clamped_rank': 1392}
{'family': 'city-language', 'inter': 'Poland', 'swap_to': 'France', 'want': 'French', 'pre_rank': 81, 'J_var_share': 0.051128231338225305, 'full_rank': 1, 'J_rank': 0, 'nonJ_rank': 0, 'nonJ_clamped_rank': 74}
{'family': 'city-language', 'inter': 'Netherlands', 'swap_to': 'Germany', 'want': 'German', 'pre_rank': 13, 'J_var_share': 0.040181459742598236, 'full_rank': 25, 'J_rank': 0, 'nonJ_rank': 0, 'nonJ_clamped_rank': 15}
probe: {'n': 28, 'full_top1': 6, 'J_top1': 12, 'nonJ_top1': 4, 'nonJ_clamped_top1': 0, 'mean_J_var_share': 0.050385447195058726}
saved runs/confirm_c3_k50.json
