Loading weights:   0%|          | 0/290 [00:00<?, ?it/s]Loading weights: 100%|██████████| 290/290 [00:00<00:00, 6597.18it/s]
Warning: You are sending unauthenticated requests to the HF Hub. Please set a HF_TOKEN to enable higher rate limits and faster downloads.
V1 animal: answer='cat' rank demand=8 nodemand=17
V1 animal: answer='cat' rank demand=5 nodemand=33
V1 animal: answer='cat' rank demand=43 nodemand=43
V1 color: answer='blue' rank demand=2 nodemand=3
V1 color: answer='blue' rank demand=10 nodemand=9
V1 color: answer='blue' rank demand=63 nodemand=78
V1 fruit: answer='apple' rank demand=0 nodemand=1
V1 fruit: answer='banana' rank demand=9 nodemand=75
V1 fruit: answer='apple' rank demand=16 nodemand=14
V1 sport: answer='painting' rank demand=0 nodemand=0
V1 sport: answer='football' rank demand=2 nodemand=38
V1 sport: answer='soccer' rank demand=5 nodemand=6
V1 country: answer='Japan' rank demand=17 nodemand=233
V1 country: answer='Japan' rank demand=9 nodemand=30
V1 country: answer='Japan' rank demand=17 nodemand=408
V1 beverage: answer='glass' rank demand=20 nodemand=10
V1 beverage: answer='glass' rank demand=15 nodemand=27
V1 beverage: answer='beer' rank demand=26 nodemand=28
V1 vegetable: answer='onion' rank demand=3 nodemand=45
V1 vegetable: answer='vegetable' rank demand=6 nodemand=104
V1 vegetable: answer='vegetable' rank demand=35 nodemand=94
V1 instrument: answer='guitar' rank demand=2 nodemand=1
V1 instrument: answer='guitar' rank demand=18 nodemand=49
V1 instrument: answer='guitar' rank demand=77 nodemand=67

V3 focus-minus-baseline mean target logprob by layer:
  L 0: +0.006
  L 1: +0.036
  L 2: -0.012
  L 3: +0.013
  L 4: +0.098
  L 5: +0.120
  L 6: -0.032
  L 7: -0.021
  L 8: +0.011
  L 9: +0.084
  L10: +0.199
  L11: +0.088
  L12: +0.011
  L13: -0.140
  L14: -0.171
  L15: -0.098
  L16: -0.141
  L17: -0.481
  L18: -0.530
  L19: -0.228
  L20: -0.010
  L21: +0.084
  L22: +0.486
  L23: +1.339
  L24: +1.697
  L25: +2.033
  L26: +2.297
  L27: +2.340
  L28: +1.804
  L29: +1.630
  L30: +1.636
saved runs/s360_c2v.json
