Warning: You are sending unauthenticated requests to the HF Hub. Please set a HF_TOKEN to enable higher rate limits and faster downloads.
Loading weights:   0%|          | 0/290 [00:00<?, ?it/s]Loading weights: 100%|██████████| 290/290 [00:00<00:00, 7692.27it/s]
  L     kurt   top1  top10  autoc   null ll_agree
  0      1.7  0.008  0.024  0.011  0.025    0.056
  1      1.4  0.014  0.044  0.015  0.031    0.035
  2      1.4  0.015  0.052  0.022  0.021    0.035
  3      1.3  0.018  0.054  0.023  0.034    0.022
  4      1.0  0.014  0.036  0.012  0.015    0.015
  5      0.8   0.01  0.036  0.017   0.02    0.009
  6      0.9  0.006  0.038  0.035  0.034    0.009
  7      0.8  0.019   0.06  0.038   0.02    0.017
  8      0.7  0.024  0.101  0.105  0.127    0.009
  9      0.7  0.017  0.068  0.023  0.012    0.006
 10      0.7  0.015  0.055  0.023  0.007    0.006
 11      0.6   0.02  0.075  0.028  0.015    0.015
 12      0.5  0.023  0.087  0.032  0.011    0.009
 13      0.4  0.026  0.083  0.023  0.009    0.008
 14      0.4   0.04  0.098   0.03  0.012    0.021
 15      0.4  0.041  0.095  0.042  0.009    0.019
 16      0.4  0.042  0.101   0.04  0.006    0.021
 17      0.4  0.036  0.093  0.039  0.009    0.022
 18      0.4  0.043  0.109  0.046  0.007    0.029
 19      0.4  0.043  0.121   0.05  0.011    0.027
 20      0.4  0.047  0.124  0.046   0.01    0.036
 21      0.4  0.044  0.126  0.056  0.015    0.039
 22      0.4  0.049  0.151  0.068  0.014    0.067
 23      0.4  0.098  0.263   0.07  0.009    0.106
 24      0.5   0.16  0.408  0.069  0.017    0.208
 25      0.6  0.201  0.449  0.078  0.024    0.242
 26      0.9  0.291  0.542  0.081   0.02    0.335
 27      1.1  0.342  0.612  0.065  0.017    0.383
 28      1.0  0.395  0.688  0.058   0.02    0.423
 29      0.9   0.49  0.809  0.042  0.011    0.467
 30      0.7  0.638  0.961  0.036   0.02    0.628

effective dim (frac dims for 80% var): {0: 0.079, 1: 0.079, 2: 0.08, 3: 0.08, 4: 0.082, 5: 0.084, 6: 0.08, 7: 0.092, 8: 0.093, 9: 0.097, 10: 0.098, 11: 0.104, 12: 0.111, 13: 0.119, 14: 0.127, 15: 0.135, 16: 0.143, 17: 0.152, 18: 0.169, 19: 0.176, 20: 0.19, 21: 0.202, 22: 0.228, 23: 0.31, 24: 0.36, 25: 0.39, 26: 0.418, 27: 0.449, 28: 0.475, 29: 0.512, 30: 0.57}

CKA row L0 vs all:
L  0 1.00 0.99 0.98 0.97 0.96 0.95 0.89 0.92 0.90 0.88 0.84 0.82 0.80 0.79 0.75 0.75 0.75 0.74 0.71 0.70 0.69 0.67 0.64 0.71 0.58 0.58 0.56 0.55 0.52 0.49 0.45
L  1 0.99 1.00 0.99 0.98 0.97 0.96 0.91 0.94 0.92 0.89 0.85 0.83 0.81 0.80 0.77 0.77 0.76 0.75 0.73 0.71 0.71 0.69 0.66 0.72 0.59 0.59 0.57 0.56 0.53 0.50 0.46
L  2 0.98 0.99 1.00 0.99 0.98 0.97 0.93 0.95 0.93 0.90 0.86 0.84 0.81 0.80 0.77 0.77 0.77 0.75 0.73 0.72 0.71 0.69 0.66 0.72 0.59 0.58 0.57 0.56 0.52 0.50 0.46
L  3 0.97 0.98 0.99 1.00 0.99 0.98 0.94 0.95 0.93 0.90 0.87 0.84 0.82 0.81 0.78 0.78 0.78 0.77 0.74 0.72 0.72 0.71 0.67 0.73 0.59 0.59 0.57 0.56 0.52 0.50 0.46
L  4 0.96 0.97 0.98 0.99 1.00 0.99 0.95 0.95 0.93 0.90 0.87 0.84 0.82 0.81 0.78 0.78 0.77 0.76 0.73 0.71 0.70 0.69 0.65 0.72 0.57 0.57 0.55 0.54 0.50 0.48 0.44
L  5 0.95 0.96 0.97 0.98 0.99 1.00 0.97 0.96 0.94 0.91 0.87 0.84 0.82 0.81 0.77 0.77 0.77 0.76 0.72 0.71 0.69 0.68 0.65 0.71 0.57 0.56 0.55 0.54 0.50 0.47 0.44
L  6 0.89 0.91 0.93 0.94 0.95 0.97 1.00 0.91 0.88 0.83 0.80 0.75 0.72 0.71 0.67 0.66 0.66 0.65 0.62 0.60 0.59 0.58 0.55 0.63 0.47 0.46 0.45 0.44 0.40 0.38 0.36
L  7 0.92 0.94 0.95 0.95 0.95 0.96 0.91 1.00 0.99 0.97 0.94 0.91 0.89 0.88 0.85 0.84 0.84 0.82 0.80 0.79 0.78 0.77 0.74 0.78 0.64 0.63 0.62 0.61 0.57 0.54 0.50
L  8 0.90 0.92 0.93 0.93 0.93 0.94 0.88 0.99 1.00 0.98 0.96 0.93 0.91 0.90 0.87 0.86 0.86 0.84 0.82 0.81 0.80 0.79 0.76 0.80 0.66 0.65 0.63 0.62 0.58 0.56 0.51
L  9 0.88 0.89 0.90 0.90 0.90 0.91 0.83 0.97 0.98 1.00 0.99 0.96 0.95 0.94 0.91 0.91 0.90 0.89 0.86 0.85 0.84 0.83 0.80 0.82 0.69 0.68 0.67 0.66 0.62 0.59 0.54
L 10 0.84 0.85 0.86 0.87 0.87 0.87 0.80 0.94 0.96 0.99 1.00 0.98 0.97 0.96 0.93 0.93 0.92 0.91 0.88 0.87 0.86 0.85 0.83 0.82 0.71 0.69 0.68 0.67 0.63 0.59 0.55
L 11 0.82 0.83 0.84 0.84 0.84 0.84 0.75 0.91 0.93 0.96 0.98 1.00 0.99 0.98 0.97 0.96 0.96 0.94 0.92 0.92 0.91 0.89 0.87 0.85 0.75 0.74 0.72 0.71 0.68 0.64 0.59
L 12 0.80 0.81 0.81 0.82 0.82 0.82 0.72 0.89 0.91 0.95 0.97 0.99 1.00 0.99 0.98 0.97 0.97 0.96 0.94 0.94 0.93 0.91 0.89 0.86 0.78 0.76 0.74 0.73 0.70 0.66 0.60
L 13 0.79 0.80 0.80 0.81 0.81 0.81 0.71 0.88 0.90 0.94 0.96 0.98 0.99 1.00 0.99 0.98 0.98 0.97 0.95 0.94 0.93 0.92 0.89 0.87 0.78 0.77 0.75 0.74 0.71 0.67 0.61
L 14 0.75 0.77 0.77 0.78 0.78 0.77 0.67 0.85 0.87 0.91 0.93 0.97 0.98 0.99 1.00 0.99 0.99 0.98 0.97 0.96 0.96 0.95 0.92 0.88 0.81 0.80 0.78 0.76 0.73 0.69 0.63
L 15 0.75 0.77 0.77 0.78 0.78 0.77 0.66 0.84 0.86 0.91 0.93 0.96 0.97 0.98 0.99 1.00 0.99 0.99 0.98 0.97 0.96 0.95 0.92 0.89 0.82 0.81 0.79 0.77 0.74 0.71 0.64
L 16 0.75 0.76 0.77 0.78 0.77 0.77 0.66 0.84 0.86 0.90 0.92 0.96 0.97 0.98 0.99 0.99 1.00 0.99 0.98 0.97 0.97 0.95 0.93 0.89 0.83 0.81 0.79 0.78 0.75 0.72 0.65
L 17 0.74 0.75 0.75 0.77 0.76 0.76 0.65 0.82 0.84 0.89 0.91 0.94 0.96 0.97 0.98 0.99 0.99 1.00 0.98 0.97 0.96 0.95 0.92 0.89 0.83 0.82 0.80 0.78 0.75 0.72 0.66
L 18 0.71 0.73 0.73 0.74 0.73 0.72 0.62 0.80 0.82 0.86 0.88 0.92 0.94 0.95 0.97 0.98 0.98 0.98 1.00 0.99 0.98 0.97 0.94 0.91 0.86 0.85 0.82 0.81 0.78 0.75 0.68
L 19 0.70 0.71 0.72 0.72 0.71 0.71 0.60 0.79 0.81 0.85 0.87 0.92 0.94 0.94 0.96 0.97 0.97 0.97 0.99 1.00 0.99 0.98 0.96 0.91 0.87 0.86 0.84 0.82 0.80 0.76 0.69
L 20 0.69 0.71 0.71 0.72 0.70 0.69 0.59 0.78 0.80 0.84 0.86 0.91 0.93 0.93 0.96 0.96 0.97 0.96 0.98 0.99 1.00 0.99 0.96 0.92 0.89 0.87 0.85 0.84 0.81 0.77 0.70
L 21 0.67 0.69 0.69 0.71 0.69 0.68 0.58 0.77 0.79 0.83 0.85 0.89 0.91 0.92 0.95 0.95 0.95 0.95 0.97 0.98 0.99 1.00 0.97 0.93 0.89 0.88 0.86 0.85 0.82 0.79 0.71
L 22 0.64 0.66 0.66 0.67 0.65 0.65 0.55 0.74 0.76 0.80 0.83 0.87 0.89 0.89 0.92 0.92 0.93 0.92 0.94 0.96 0.96 0.97 1.00 0.92 0.91 0.89 0.87 0.86 0.84 0.79 0.73
L 23 0.71 0.72 0.72 0.73 0.72 0.71 0.63 0.78 0.80 0.82 0.82 0.85 0.86 0.87 0.88 0.89 0.89 0.89 0.91 0.91 0.92 0.93 0.92 1.00 0.95 0.93 0.92 0.91 0.87 0.85 0.78
L 24 0.58 0.59 0.59 0.59 0.57 0.57 0.47 0.64 0.66 0.69 0.71 0.75 0.78 0.78 0.81 0.82 0.83 0.83 0.86 0.87 0.89 0.89 0.91 0.95 1.00 0.98 0.97 0.96 0.94 0.91 0.84
L 25 0.58 0.59 0.58 0.59 0.57 0.56 0.46 0.63 0.65 0.68 0.69 0.74 0.76 0.77 0.80 0.81 0.81 0.82 0.85 0.86 0.87 0.88 0.89 0.93 0.98 1.00 0.98 0.97 0.95 0.93 0.85
L 26 0.56 0.57 0.57 0.57 0.55 0.55 0.45 0.62 0.63 0.67 0.68 0.72 0.74 0.75 0.78 0.79 0.79 0.80 0.82 0.84 0.85 0.86 0.87 0.92 0.97 0.98 1.00 0.99 0.97 0.94 0.87
L 27 0.55 0.56 0.56 0.56 0.54 0.54 0.44 0.61 0.62 0.66 0.67 0.71 0.73 0.74 0.76 0.77 0.78 0.78 0.81 0.82 0.84 0.85 0.86 0.91 0.96 0.97 0.99 1.00 0.98 0.96 0.89
L 28 0.52 0.53 0.52 0.52 0.50 0.50 0.40 0.57 0.58 0.62 0.63 0.68 0.70 0.71 0.73 0.74 0.75 0.75 0.78 0.80 0.81 0.82 0.84 0.87 0.94 0.95 0.97 0.98 1.00 0.97 0.91
L 29 0.49 0.50 0.50 0.50 0.48 0.47 0.38 0.54 0.56 0.59 0.59 0.64 0.66 0.67 0.69 0.71 0.72 0.72 0.75 0.76 0.77 0.79 0.79 0.85 0.91 0.93 0.94 0.96 0.97 1.00 0.92
L 30 0.45 0.46 0.46 0.46 0.44 0.44 0.36 0.50 0.51 0.54 0.55 0.59 0.60 0.61 0.63 0.64 0.65 0.66 0.68 0.69 0.70 0.71 0.73 0.78 0.84 0.85 0.87 0.89 0.91 0.92 1.00
saved runs/band_360m.json
