Warning: You are sending unauthenticated requests to the HF Hub. Please set a HF_TOKEN to enable higher rate limits and faster downloads.
Loading weights:   0%|          | 0/272 [00:00<?, ?it/s]Loading weights: 100%|██████████| 272/272 [00:00<00:00, 8430.33it/s]
mean resid norms (band): {19: 223.1, 20: 243.1, 21: 283.6, 22: 317.8, 23: 373.9, 24: 446.2, 25: 513.2, 26: 553.4}
prompt tokens: 160, steer span: 121..146, readout at 159
24 single-token concepts
{'surface': 'cook', 'rank_s0': 5228, 'other_min_rank_s0': 44183, 'rank_s8': 33, 'other_min_rank_s8': 2433, 'rank_s12': 23, 'other_min_rank_s12': 2223, 'rank_s16': 41, 'other_min_rank_s16': 2369, 'rank_s24': 46, 'other_min_rank_s24': 2105}
{'surface': 'summary', 'rank_s0': 6637, 'other_min_rank_s0': 15307, 'rank_s8': 1223, 'other_min_rank_s8': 1594, 'rank_s12': 902, 'other_min_rank_s12': 1343, 'rank_s16': 641, 'other_min_rank_s16': 1185, 'rank_s24': 448, 'other_min_rank_s24': 1164}
{'surface': 'ocean', 'rank_s0': 1203, 'other_min_rank_s0': 24535, 'rank_s8': 3, 'other_min_rank_s8': 1234, 'rank_s12': 4, 'other_min_rank_s12': 1114, 'rank_s16': 1, 'other_min_rank_s16': 1148, 'rank_s24': 1, 'other_min_rank_s24': 987}
{'surface': 'ox', 'rank_s0': 4754, 'other_min_rank_s0': 7179, 'rank_s8': 9, 'other_min_rank_s8': 13, 'rank_s12': 6, 'other_min_rank_s12': 9, 'rank_s16': 4, 'other_min_rank_s16': 6, 'rank_s24': 4, 'other_min_rank_s24': 6}
{'surface': 'rust', 'rank_s0': 2941, 'other_min_rank_s0': 11922, 'rank_s8': 1, 'other_min_rank_s8': 7, 'rank_s12': 1, 'other_min_rank_s12': 7, 'rank_s16': 0, 'other_min_rank_s16': 4, 'rank_s24': 0, 'other_min_rank_s24': 3}
{'surface': 'sock', 'rank_s0': 8023, 'other_min_rank_s0': 21088, 'rank_s8': 997, 'other_min_rank_s8': 5790, 'rank_s12': 478, 'other_min_rank_s12': 5723, 'rank_s16': 306, 'other_min_rank_s16': 5462, 'rank_s24': 187, 'other_min_rank_s24': 5380}
{'surface': 'weight', 'rank_s0': 613, 'other_min_rank_s0': 33735, 'rank_s8': 0, 'other_min_rank_s8': 0, 'rank_s12': 0, 'other_min_rank_s12': 0, 'rank_s16': 0, 'other_min_rank_s16': 0, 'rank_s24': 0, 'other_min_rank_s24': 0}
{'surface': 'ear', 'rank_s0': 2941, 'other_min_rank_s0': 20116, 'rank_s8': 53, 'other_min_rank_s8': 56, 'rank_s12': 23, 'other_min_rank_s12': 36, 'rank_s16': 26, 'other_min_rank_s16': 35, 'rank_s24': 23, 'other_min_rank_s24': 28}
{'surface': 'case', 'rank_s0': 1612, 'other_min_rank_s0': 8354, 'rank_s8': 6, 'other_min_rank_s8': 10, 'rank_s12': 2, 'other_min_rank_s12': 6, 'rank_s16': 1, 'other_min_rank_s16': 5, 'rank_s24': 0, 'other_min_rank_s24': 1}
{'surface': 'line', 'rank_s0': 1469, 'other_min_rank_s0': 14681, 'rank_s8': 5, 'other_min_rank_s8': 18, 'rank_s12': 7, 'other_min_rank_s12': 15, 'rank_s16': 6, 'other_min_rank_s16': 7, 'rank_s24': 5, 'other_min_rank_s24': 7}
{'surface': 'picture', 'rank_s0': 1332, 'other_min_rank_s0': 18229, 'rank_s8': 0, 'other_min_rank_s8': 0, 'rank_s12': 0, 'other_min_rank_s12': 0, 'rank_s16': 0, 'other_min_rank_s16': 0, 'rank_s24': 0, 'other_min_rank_s24': 0}
{'surface': 'thumb', 'rank_s0': 4754, 'other_min_rank_s0': 6947, 'rank_s8': 0, 'other_min_rank_s8': 5, 'rank_s12': 0, 'other_min_rank_s12': 3, 'rank_s16': 0, 'other_min_rank_s16': 1, 'rank_s24': 0, 'other_min_rank_s24': 0}
{'surface': 'voltage', 'rank_s0': 4983, 'other_min_rank_s0': 10481, 'rank_s8': 2, 'other_min_rank_s8': 169, 'rank_s12': 0, 'other_min_rank_s12': 179, 'rank_s16': 0, 'other_min_rank_s16': 195, 'rank_s24': 0, 'other_min_rank_s24': 197}
{'surface': 'scene', 'rank_s0': 5698, 'other_min_rank_s0': 17142, 'rank_s8': 84, 'other_min_rank_s8': 261, 'rank_s12': 65, 'other_min_rank_s12': 227, 'rank_s16': 54, 'other_min_rank_s16': 197, 'rank_s24': 35, 'other_min_rank_s24': 185}
{'surface': 'race', 'rank_s0': 2717, 'other_min_rank_s0': 17687, 'rank_s8': 0, 'other_min_rank_s8': 18, 'rank_s12': 0, 'other_min_rank_s12': 6, 'rank_s16': 0, 'other_min_rank_s16': 4, 'rank_s24': 0, 'other_min_rank_s24': 4}
{'surface': 'trade', 'rank_s0': 4036, 'other_min_rank_s0': 25064, 'rank_s8': 0, 'other_min_rank_s8': 14, 'rank_s12': 0, 'other_min_rank_s12': 10, 'rank_s16': 0, 'other_min_rank_s16': 5, 'rank_s24': 0, 'other_min_rank_s24': 2}
{'surface': 'custom', 'rank_s0': 2314, 'other_min_rank_s0': 19056, 'rank_s8': 3, 'other_min_rank_s8': 3, 'rank_s12': 2, 'other_min_rank_s12': 1, 'rank_s16': 2, 'other_min_rank_s16': 1, 'rank_s24': 2, 'other_min_rank_s24': 1}
{'surface': 'path', 'rank_s0': 1776, 'other_min_rank_s0': 12327, 'rank_s8': 0, 'other_min_rank_s8': 20, 'rank_s12': 0, 'other_min_rank_s12': 15, 'rank_s16': 0, 'other_min_rank_s16': 18, 'rank_s24': 0, 'other_min_rank_s24': 11}
{'surface': 'chin', 'rank_s0': 11033, 'other_min_rank_s0': 20208, 'rank_s8': 6307, 'other_min_rank_s8': 9120, 'rank_s12': 5458, 'other_min_rank_s12': 8695, 'rank_s16': 4998, 'other_min_rank_s16': 7808, 'rank_s24': 4471, 'other_min_rank_s24': 7259}
{'surface': 'pool', 'rank_s0': 3379, 'other_min_rank_s0': 5679, 'rank_s8': 74, 'other_min_rank_s8': 153, 'rank_s12': 38, 'other_min_rank_s12': 125, 'rank_s16': 38, 'other_min_rank_s16': 122, 'rank_s24': 28, 'other_min_rank_s24': 122}
{'surface': 'plane', 'rank_s0': 6190, 'other_min_rank_s0': 33473, 'rank_s8': 49, 'other_min_rank_s8': 746, 'rank_s12': 41, 'other_min_rank_s12': 575, 'rank_s16': 37, 'other_min_rank_s16': 436, 'rank_s24': 30, 'other_min_rank_s24': 388}
{'surface': 'gel', 'rank_s0': 7081, 'other_min_rank_s0': 18591, 'rank_s8': 279, 'other_min_rank_s8': 2404, 'rank_s12': 129, 'other_min_rank_s12': 2557, 'rank_s16': 124, 'other_min_rank_s16': 2740, 'rank_s24': 107, 'other_min_rank_s24': 2742}
{'surface': 'board', 'rank_s0': 4516, 'other_min_rank_s0': 5778, 'rank_s8': 510, 'other_min_rank_s8': 147, 'rank_s12': 238, 'other_min_rank_s12': 140, 'rank_s16': 151, 'other_min_rank_s16': 126, 'rank_s24': 93, 'other_min_rank_s24': 109}
{'surface': 'photo', 'rank_s0': 3579, 'other_min_rank_s0': 13885, 'rank_s8': 11, 'other_min_rank_s8': 39, 'rank_s12': 5, 'other_min_rank_s12': 29, 'rank_s16': 5, 'other_min_rank_s16': 29, 'rank_s24': 4, 'other_min_rank_s24': 26}
strength 0: median RR 0.000, top1 0/24, blurt-at-other-positions 0
strength 8: median RR 0.143, top1 6/24, blurt-at-other-positions 2
strength 12: median RR 0.167, top1 7/24, blurt-at-other-positions 2
strength 16: median RR 0.200, top1 8/24, blurt-at-other-positions 2
strength 24: median RR 0.200, top1 9/24, blurt-at-other-positions 3
saved runs/c1d_explore2.json
