Warning: You are sending unauthenticated requests to the HF Hub. Please set a HF_TOKEN to enable higher rate limits and faster downloads.
Loading weights:   0%|          | 0/272 [00:00<?, ?it/s]Loading weights:   8%|▊         | 22/272 [00:00<00:01, 219.66it/s]Loading weights:  16%|█▌        | 44/272 [00:00<00:01, 216.11it/s]Loading weights: 100%|██████████| 272/272 [00:00<00:00, 903.73it/s]
V1 animal: answer='the' best rank during copying = 0
V1 animal: answer='a' best rank during copying = 12
V1 animal: answer='a' best rank during copying = 10
V1 color: answer='blue' best rank during copying = 1
V1 color: answer='blue' best rank during copying = 3
V1 color: answer='blue' best rank during copying = 25
V1 fruit: answer='a' best rank during copying = 1
V1 fruit: answer='a' best rank during copying = 12
V1 fruit: answer='a' best rank during copying = 11
V1 sport: answer='basketball' best rank during copying = 0
V1 sport: answer='basketball' best rank during copying = 5
V1 sport: answer='basketball' best rank during copying = 64
V1 country: answer='the' best rank during copying = 0
V1 country: answer='the' best rank during copying = 7
V1 country: answer='the' best rank during copying = 8

V3 focus-minus-baseline mean target logprob by layer:
  L 0: +0.010
  L 1: +0.005
  L 2: +0.008
  L 3: -0.015
  L 4: +0.022
  L 5: +0.111
  L 6: +0.063
  L 7: +0.036
  L 8: +0.083
  L 9: -0.085
  L10: -0.044
  L11: +0.036
  L12: +0.047
  L13: -0.007
  L14: -0.015
  L15: -0.102
  L16: +0.025
  L17: -0.089
  L18: -0.562
  L19: -0.554
  L20: -0.406
  L21: -0.088
  L22: +0.039
  L23: +0.787
  L24: +0.179
  L25: +0.336
  L26: +0.217
  L27: +0.517
  L28: +0.499
saved runs/c2_variants.json
