Warning: You are sending unauthenticated requests to the HF Hub. Please set a HF_TOKEN to enable higher rate limits and faster downloads.
Loading weights:   0%|          | 0/290 [00:00<?, ?it/s]Loading weights: 100%|██████████| 290/290 [00:00<00:00, 6398.60it/s]
orange: done
lightning: done
ocean: done
truck: done
guitar: done
castle: done
penguin: done
volcano: done
mirror: done
honey: done
winter: done
robot: done

per-layer probe cosine (think / dont / mention / baseline / null95):
  L 0: +0.067 / +0.067 / +0.067 / +0.066 / +0.104
  L 1: +0.045 / +0.045 / +0.045 / +0.044 / +0.544
  L 2: +0.011 / +0.011 / +0.011 / +0.009 / +0.359
  L 3: +0.039 / +0.039 / +0.039 / +0.038 / +0.211
  L 4: +0.023 / +0.023 / +0.022 / +0.021 / +0.293
  L 5: +0.028 / +0.027 / +0.027 / +0.027 / +0.223
  L 6: +0.047 / +0.046 / +0.047 / +0.047 / +0.273
  L 7: +0.068 / +0.067 / +0.067 / +0.065 / +0.127
  L 8: +0.029 / +0.029 / +0.030 / +0.027 / +0.223
  L 9: +0.037 / +0.036 / +0.037 / +0.034 / +0.178
  L10: +0.020 / +0.019 / +0.020 / +0.018 / +0.171
  L11: +0.020 / +0.020 / +0.021 / +0.019 / +0.189
  L12: +0.042 / +0.042 / +0.042 / +0.041 / +0.179
  L13: +0.026 / +0.026 / +0.026 / +0.027 / +0.200
  L14: +0.031 / +0.031 / +0.033 / +0.032 / +0.236
  L15: +0.088 / +0.087 / +0.088 / +0.087 / +0.229
  L16: +0.057 / +0.056 / +0.057 / +0.057 / +0.200
  L17: +0.035 / +0.035 / +0.035 / +0.034 / +0.173
  L18: +0.034 / +0.033 / +0.036 / +0.034 / +0.183
  L19: +0.008 / +0.007 / +0.009 / +0.006 / +0.167
  L20: +0.003 / -0.000 / -0.002 / -0.001 / +0.204
  L21: +0.025 / +0.016 / +0.014 / +0.015 / +0.130
  L22: +0.031 / +0.020 / +0.022 / +0.017 / +0.164
  L23: +0.108 / +0.054 / +0.058 / +0.049 / +0.105 <-- above null95
  L24: +0.066 / +0.028 / +0.034 / +0.024 / +0.104
  L25: +0.088 / +0.040 / +0.048 / +0.036 / +0.113
  L26: +0.099 / +0.047 / +0.057 / +0.042 / +0.117
  L27: +0.173 / +0.068 / +0.089 / +0.057 / +0.115 <-- above null95
  L28: +0.146 / +0.056 / +0.076 / +0.046 / +0.128 <-- above null95
  L29: +0.154 / +0.056 / +0.081 / +0.040 / +0.106 <-- above null95
  L30: +0.157 / +0.060 / +0.091 / +0.044 / +0.091 <-- above null95

per-layer mean lens rank (think / dont / baseline):
  L 0:     5292 /     5280 /     5276
  L 1:     5071 /     5093 /     5127
  L 2:     3967 /     3959 /     4089
  L 3:     3262 /     3251 /     3308
  L 4:     2833 /     2821 /     2897
  L 5:     2489 /     2470 /     2541
  L 6:     3128 /     3113 /     3066
  L 7:     2831 /     2822 /     2875
  L 8:     2775 /     2876 /     3014
  L 9:     2249 /     2337 /     2617
  L10:     1938 /     2132 /     2473
  L11:     1666 /     1717 /     2012
  L12:     1804 /     1858 /     2136
  L13:     1382 /     1472 /     1680
  L14:     1536 /     1599 /     1766
  L15:     1490 /     1592 /     1665
  L16:     1312 /     1418 /     1436
  L17:     1491 /     1632 /     1783
  L18:     1760 /     1872 /     2077
  L19:     1556 /     1597 /     1763
  L20:     1269 /     1273 /     1281
  L21:      906 /     1516 /     1461
  L22:      933 /     1515 /     1563
  L23:       36 /     1885 /     2281
  L24:       35 /      783 /     1188
  L25:       21 /      880 /     1250
  L26:       10 /      711 /     1063
  L27:        3 /      549 /     1197
  L28:        2 /      433 /     1068
  L29:        1 /      299 /     1049
  L30:        1 /      286 /     1247

blurt (word in model's actual top-10 next-token preds at carrier): 36/36 think trials
saved runs/c2rev_360m.json
