Warning: You are sending unauthenticated requests to the HF Hub. Please set a HF_TOKEN to enable higher rate limits and faster downloads.
Loading weights:   0%|          | 0/272 [00:00<?, ?it/s]Loading weights:  79%|███████▉  | 215/272 [00:00<00:00, 2026.82it/s]Loading weights: 100%|██████████| 272/272 [00:00<00:00, 1354.51it/s]
countries/capital: 4/4 ['France', 'Canada', 'China', 'Egypt']
countries/language: 2/4 ['Canada', 'Egypt']
countries/continent: 4/4 ['France', 'Canada', 'China', 'Egypt']
countries/currency: 0/4 []
months/season: 1/4 ['April']
months/number: 0/4 []
months/holiday: 0/4 []
months/next_month: 0/4 []
months/days: 0/4 []
months/half: 0/4 []
animals/habitat: 1/4 ['shark']
animals/legs: 0/4 []
animals/class: 3/4 ['eagle', 'shark', 'spider']
animals/group: 1/4 ['lion']
animals/legs2: 0/4 []
animals/baby: 1/4 ['spider']
numbers/double: 0/4 []
numbers/square: 0/4 []
numbers/successor: 0/4 []
numbers/first_letter: 0/4 []
numbers/evenodd: 0/4 []
numbers/bigger: 0/4 []
months2/season: 0/4 []
months2/before: 1/4 ['February']
months2/holiday: 0/4 []
months2/half: 0/4 []
animals2/legs: 0/4 []
animals2/covered: 0/4 []
animals2/class: 0/4 []
animals2/home: 0/4 []
numbers2/first_letter: 0/4 []
numbers2/evenodd: 0/4 []
numbers2/bigger5: 2/4 ['three', 'four']
numbers2/double: 0/4 []
alpha=1: 20/24 swaps hit top-1
mean loading success/fail: 0.0555 0.0392
by category (last alpha): {'countries': [20, 24]}
saved runs/c4_explore2.json
