Warning: You are sending unauthenticated requests to the HF Hub. Please set a HF_TOKEN to enable higher rate limits and faster downloads.
Loading weights:   0%|          | 0/272 [00:00<?, ?it/s]Loading weights: 100%|██████████| 272/272 [00:00<00:00, 2846.56it/s]
{'key': 'fr1', 'lang': 'French', 'task': 'report', 'presence_rank': 0, 'clean': ' French', 'swapped': ' Spanish', 'clean_ok': True, 'followed_swap': True, 'changed': True}
{'key': 'fr1', 'lang': 'French', 'task': 'country', 'presence_rank': 0, 'clean': ' France', 'swapped': ' Spain', 'clean_ok': True, 'followed_swap': True, 'changed': True}
{'key': 'fr1', 'lang': 'French', 'task': 'continue', 'presence_rank': 1, 'clean': 'Le soleil se couchait derrière les collines, et la lumière dorée baignait', 'swapped': 'Le soleil se couchait derrière les collines, et la lumière dorée baignait', 'clean_lang': 'French', 'swap_lang': 'French', 'clean_ok': True, 'unchanged_lang': True}
{'key': 'fr1', 'lang': 'French', 'task': 'anomaly', 'presence_rank': 1, 'clean_passage_score': 0.375, 'clean_passage_score_swap': 0.375, 'spliced_passage_score': 0.125, 'spliced_passage_score_swap': -0.125, 'discrimination': -0.25, 'discrimination_swap': -0.5}
{'key': 'fr2', 'lang': 'French', 'task': 'report', 'presence_rank': 0, 'clean': ' French', 'swapped': ' Spanish', 'clean_ok': True, 'followed_swap': True, 'changed': True}
{'key': 'fr2', 'lang': 'French', 'task': 'country', 'presence_rank': 0, 'clean': ' France', 'swapped': ' Spain', 'clean_ok': True, 'followed_swap': True, 'changed': True}
{'key': 'fr2', 'lang': 'French', 'task': 'continue', 'presence_rank': 0, 'clean': 'Il était une fois un petit village au bord de la mer. Les pêcheurs part', 'swapped': 'Il était une fois un petit village au bord de la mer. Les pêcheurs part', 'clean_lang': 'French', 'swap_lang': 'French', 'clean_ok': True, 'unchanged_lang': True}
{'key': 'fr2', 'lang': 'French', 'task': 'anomaly', 'presence_rank': 0, 'clean_passage_score': 0.875, 'clean_passage_score_swap': 0.625, 'spliced_passage_score': 0.0, 'spliced_passage_score_swap': -0.125, 'discrimination': -0.875, 'discrimination_swap': -0.75}
{'key': 'de1', 'lang': 'German', 'task': 'report', 'presence_rank': 0, 'clean': ' German', 'swapped': ' in', 'clean_ok': True, 'followed_swap': False, 'changed': True}
{'key': 'de1', 'lang': 'German', 'task': 'country', 'presence_rank': 0, 'clean': ' Germany', 'swapped': 'French', 'clean_ok': True, 'followed_swap': False, 'changed': True}
{'key': 'de1', 'lang': 'German', 'task': 'continue', 'presence_rank': 0, 'clean': 'Die Sonne ging hinter den Bergen unter, und ein kalter Wind wehte durch das', 'swapped': 'The wind blew through the trees, and Hans stood at the edge of the forest, watch', 'clean_lang': 'German', 'swap_lang': None, 'clean_ok': True, 'unchanged_lang': False}
{'key': 'de1', 'lang': 'German', 'task': 'anomaly', 'presence_rank': 0, 'clean_passage_score': 0.0, 'clean_passage_score_swap': -0.5, 'spliced_passage_score': 0.25, 'spliced_passage_score_swap': -0.375, 'discrimination': 0.25, 'discrimination_swap': 0.125}
{'key': 'de2', 'lang': 'German', 'task': 'report', 'presence_rank': 0, 'clean': ' German', 'swapped': ' in', 'clean_ok': True, 'followed_swap': False, 'changed': True}
{'key': 'de2', 'lang': 'German', 'task': 'country', 'presence_rank': 0, 'clean': ' the', 'swapped': 'French', 'clean_ok': False, 'followed_swap': False, 'changed': True}
{'key': 'de2', 'lang': 'German', 'task': 'continue', 'presence_rank': 0, 'clean': 'Es war ein kleines Dorf am Rande des Waldes. Die Kinder spielten jed', 'swapped': 'Es war ein kleines Dorf am Rande des Waldes. Die Kinder spielten jed', 'clean_lang': 'German', 'swap_lang': 'German', 'clean_ok': True, 'unchanged_lang': True}
{'key': 'de2', 'lang': 'German', 'task': 'anomaly', 'presence_rank': 0, 'clean_passage_score': 0.25, 'clean_passage_score_swap': -0.125, 'spliced_passage_score': 0.0, 'spliced_passage_score_swap': -0.5, 'discrimination': -0.25, 'discrimination_swap': -0.375}
{'key': 'es1', 'lang': 'Spanish', 'task': 'report', 'presence_rank': 0, 'clean': ' Spanish', 'swapped': ' French', 'clean_ok': True, 'followed_swap': True, 'changed': True}
{'key': 'es1', 'lang': 'Spanish', 'task': 'country', 'presence_rank': 0, 'clean': ' Spain', 'swapped': ' France', 'clean_ok': True, 'followed_swap': True, 'changed': True}
{'key': 'es1', 'lang': 'Spanish', 'task': 'continue', 'presence_rank': 0, 'clean': 'El sol se ponía detrás de las montañas, y una brisa fresca recorr', 'swapped': 'El sol se ponía detrás de las montañas, y una brisa fresca recorr', 'clean_lang': 'Spanish', 'swap_lang': 'Spanish', 'clean_ok': True, 'unchanged_lang': True}
{'key': 'es1', 'lang': 'Spanish', 'task': 'anomaly', 'presence_rank': 0, 'clean_passage_score': 0.125, 'clean_passage_score_swap': 0.0, 'spliced_passage_score': 0.125, 'spliced_passage_score_swap': 0.125, 'discrimination': 0.0, 'discrimination_swap': 0.125}
{'key': 'es2', 'lang': 'Spanish', 'task': 'report', 'presence_rank': 0, 'clean': ' Spanish', 'swapped': ' French', 'clean_ok': True, 'followed_swap': True, 'changed': True}
{'key': 'es2', 'lang': 'Spanish', 'task': 'country', 'presence_rank': 0, 'clean': ' the', 'swapped': ' France', 'clean_ok': False, 'followed_swap': True, 'changed': True}
{'key': 'es2', 'lang': 'Spanish', 'task': 'continue', 'presence_rank': 0, 'clean': 'Había una vez un pequeño pueblo junto al mar. Los pescadores sal', 'swapped': 'The next day, the fishermen arrived at the beach, and they began to fish, their ', 'clean_lang': 'Spanish', 'swap_lang': None, 'clean_ok': True, 'unchanged_lang': False}
{'key': 'es2', 'lang': 'Spanish', 'task': 'anomaly', 'presence_rank': 0, 'clean_passage_score': 0.375, 'clean_passage_score_swap': 0.375, 'spliced_passage_score': 0.125, 'spliced_passage_score_swap': 0.125, 'discrimination': -0.25, 'discrimination_swap': -0.25}
{'key': 'it1', 'lang': 'Italian', 'task': 'report', 'presence_rank': 0, 'clean': ' Italian', 'swapped': ' Italian', 'clean_ok': True, 'followed_swap': False, 'changed': False}
{'key': 'it1', 'lang': 'Italian', 'task': 'country', 'presence_rank': 0, 'clean': ' Italy', 'swapped': ' Italy', 'clean_ok': True, 'followed_swap': False, 'changed': False}
{'key': 'it1', 'lang': 'Italian', 'task': 'continue', 'presence_rank': 0, 'clean': 'Il sole tramontava dietro le colline, e una luce dorata illuminava i campi.', 'swapped': 'Il sole tramontava dietro le colline, e una luce dorata illuminava i campi.', 'clean_lang': 'Italian', 'swap_lang': 'Italian', 'clean_ok': True, 'unchanged_lang': True}
{'key': 'it1', 'lang': 'Italian', 'task': 'anomaly', 'presence_rank': 0, 'clean_passage_score': 0.25, 'clean_passage_score_swap': 0.5, 'spliced_passage_score': 0.125, 'spliced_passage_score_swap': 0.375, 'discrimination': -0.125, 'discrimination_swap': -0.125}
{'key': 'it2', 'lang': 'Italian', 'task': 'report', 'presence_rank': 0, 'clean': ' Italian', 'swapped': ' Italian', 'clean_ok': True, 'followed_swap': False, 'changed': False}
{'key': 'it2', 'lang': 'Italian', 'task': 'country', 'presence_rank': 0, 'clean': ' Italy', 'swapped': ' the', 'clean_ok': True, 'followed_swap': False, 'changed': True}
{'key': 'it2', 'lang': 'Italian', 'task': 'continue', 'presence_rank': 0, 'clean': 'I am pleased to inform you that the next villa in the area is located in the sam', 'swapped': 'I am pleased to inform you that the next villa in the area is located in the sam', 'clean_lang': None, 'swap_lang': None, 'clean_ok': False, 'unchanged_lang': False}
{'key': 'it2', 'lang': 'Italian', 'task': 'anomaly', 'presence_rank': 0, 'clean_passage_score': 0.375, 'clean_passage_score_swap': 0.875, 'spliced_passage_score': 0.0, 'spliced_passage_score_swap': 0.25, 'discrimination': -0.375, 'discrimination_swap': -0.625}
{
 "report": {
  "n": 8,
  "clean_ok": 8,
  "followed": 4,
  "unchanged": 2,
  "presence_top3": 8
 },
 "country": {
  "n": 8,
  "clean_ok": 6,
  "followed": 4,
  "unchanged": 1,
  "presence_top3": 8
 },
 "continue": {
  "n": 8,
  "clean_ok": 7,
  "followed": 0,
  "unchanged": 5,
  "presence_top3": 8
 },
 "anomaly": {
  "n": 8,
  "n_discriminates": 1,
  "n_sign_invariant": 7,
  "presence_top3": 8
 }
}
saved runs/c5a_explore.json
