Warning: You are sending unauthenticated requests to the HF Hub. Please set a HF_TOKEN to enable higher rate limits and faster downloads.
Loading weights:   0%|          | 0/272 [00:00<?, ?it/s]Loading weights: 100%|██████████| 272/272 [00:00<00:00, 7541.12it/s]
mean resid norms (band): {19: 223.1, 20: 243.1, 21: 283.6, 22: 317.8, 23: 373.9, 24: 446.2, 25: 513.2, 26: 553.4}
prompt tokens: 160, steer span: 121..146, readout at 159
24 single-token concepts
{'surface': 'cook', 'rank_s0': 5228, 'other_min_rank_s0': 44183, 'rank_s8': 36, 'other_min_rank_s8': 2369, 'rank_s16': 36, 'other_min_rank_s16': 1877}
{'surface': 'summary', 'rank_s0': 6637, 'other_min_rank_s0': 15307, 'rank_s8': 849, 'other_min_rank_s8': 1272, 'rank_s16': 348, 'other_min_rank_s16': 1065}
{'surface': 'ocean', 'rank_s0': 1203, 'other_min_rank_s0': 24535, 'rank_s8': 3, 'other_min_rank_s8': 1285, 'rank_s16': 3, 'other_min_rank_s16': 1206}
{'surface': 'ox', 'rank_s0': 4754, 'other_min_rank_s0': 7179, 'rank_s8': 6, 'other_min_rank_s8': 13, 'rank_s16': 4, 'other_min_rank_s16': 7}
{'surface': 'rust', 'rank_s0': 2941, 'other_min_rank_s0': 11922, 'rank_s8': 2, 'other_min_rank_s8': 11, 'rank_s16': 2, 'other_min_rank_s16': 5}
{'surface': 'sock', 'rank_s0': 8023, 'other_min_rank_s0': 21088, 'rank_s8': 221, 'other_min_rank_s8': 5188, 'rank_s16': 106, 'other_min_rank_s16': 4624}
{'surface': 'weight', 'rank_s0': 613, 'other_min_rank_s0': 33735, 'rank_s8': 0, 'other_min_rank_s8': 0, 'rank_s16': 0, 'other_min_rank_s16': 0}
{'surface': 'ear', 'rank_s0': 2941, 'other_min_rank_s0': 20116, 'rank_s8': 19, 'other_min_rank_s8': 26, 'rank_s16': 13, 'other_min_rank_s16': 20}
{'surface': 'case', 'rank_s0': 1612, 'other_min_rank_s0': 8354, 'rank_s8': 8, 'other_min_rank_s8': 9, 'rank_s16': 1, 'other_min_rank_s16': 3}
{'surface': 'line', 'rank_s0': 1469, 'other_min_rank_s0': 14681, 'rank_s8': 4, 'other_min_rank_s8': 14, 'rank_s16': 5, 'other_min_rank_s16': 9}
{'surface': 'picture', 'rank_s0': 1332, 'other_min_rank_s0': 18229, 'rank_s8': 0, 'other_min_rank_s8': 0, 'rank_s16': 0, 'other_min_rank_s16': 0}
{'surface': 'thumb', 'rank_s0': 4754, 'other_min_rank_s0': 6947, 'rank_s8': 0, 'other_min_rank_s8': 1, 'rank_s16': 0, 'other_min_rank_s16': 0}
{'surface': 'voltage', 'rank_s0': 4983, 'other_min_rank_s0': 10481, 'rank_s8': 1, 'other_min_rank_s8': 160, 'rank_s16': 0, 'other_min_rank_s16': 157}
{'surface': 'scene', 'rank_s0': 5698, 'other_min_rank_s0': 17142, 'rank_s8': 61, 'other_min_rank_s8': 261, 'rank_s16': 38, 'other_min_rank_s16': 178}
{'surface': 'race', 'rank_s0': 2717, 'other_min_rank_s0': 17687, 'rank_s8': 0, 'other_min_rank_s8': 16, 'rank_s16': 0, 'other_min_rank_s16': 5}
{'surface': 'trade', 'rank_s0': 4036, 'other_min_rank_s0': 25064, 'rank_s8': 0, 'other_min_rank_s8': 11, 'rank_s16': 0, 'other_min_rank_s16': 7}
{'surface': 'custom', 'rank_s0': 2314, 'other_min_rank_s0': 19056, 'rank_s8': 4, 'other_min_rank_s8': 2, 'rank_s16': 2, 'other_min_rank_s16': 1}
{'surface': 'path', 'rank_s0': 1776, 'other_min_rank_s0': 12327, 'rank_s8': 0, 'other_min_rank_s8': 14, 'rank_s16': 0, 'other_min_rank_s16': 11}
{'surface': 'chin', 'rank_s0': 11033, 'other_min_rank_s0': 20208, 'rank_s8': 6128, 'other_min_rank_s8': 8802, 'rank_s16': 4853, 'other_min_rank_s16': 7561}
{'surface': 'pool', 'rank_s0': 3379, 'other_min_rank_s0': 5679, 'rank_s8': 118, 'other_min_rank_s8': 188, 'rank_s16': 47, 'other_min_rank_s16': 118}
{'surface': 'plane', 'rank_s0': 6190, 'other_min_rank_s0': 33473, 'rank_s8': 44, 'other_min_rank_s8': 754, 'rank_s16': 24, 'other_min_rank_s16': 383}
{'surface': 'gel', 'rank_s0': 7081, 'other_min_rank_s0': 18591, 'rank_s8': 59, 'other_min_rank_s8': 1766, 'rank_s16': 20, 'other_min_rank_s16': 1751}
{'surface': 'board', 'rank_s0': 4516, 'other_min_rank_s0': 5778, 'rank_s8': 235, 'other_min_rank_s8': 115, 'rank_s16': 52, 'other_min_rank_s16': 103}
{'surface': 'photo', 'rank_s0': 3579, 'other_min_rank_s0': 13885, 'rank_s8': 4, 'other_min_rank_s8': 25, 'rank_s16': 2, 'other_min_rank_s16': 19}
strength 0: median RR 0.000, top1 0/24, blurt-at-other-positions 0
strength 8: median RR 0.200, top1 6/24, blurt-at-other-positions 2
strength 16: median RR 0.250, top1 7/24, blurt-at-other-positions 3
saved runs/confirm_c1d.json
