Warning: You are sending unauthenticated requests to the HF Hub. Please set a HF_TOKEN to enable higher rate limits and faster downloads.
Loading weights:   0%|          | 0/272 [00:00<?, ?it/s]Loading weights: 100%|██████████| 272/272 [00:00<00:00, 7680.22it/s]
{'key': 'fr1', 'lang': 'French', 'task': 'report', 'presence_rank': 0, 'clean': ' French', 'swapped': ' French', 'clean_ok': True, 'followed_swap': False, 'changed': False}
{'key': 'fr1', 'lang': 'French', 'task': 'country', 'presence_rank': 0, 'clean': ' France', 'swapped': ' Spain', 'clean_ok': True, 'followed_swap': True, 'changed': True}
{'key': 'fr1', 'lang': 'French', 'task': 'continue', 'presence_rank': 2, 'clean': 'Le soleil se couchait derrière les collines, et la lumière dorée baignait', 'swapped': 'Le soleil se couchait derrière les collines, et la lumière dorée baignait', 'clean_lang': 'French', 'swap_lang': 'French', 'clean_ok': True, 'unchanged_lang': True}
{'key': 'fr1', 'lang': 'French', 'task': 'anomaly', 'presence_rank': 2, 'clean_passage_score': 0.375, 'clean_passage_score_swap': 0.375, 'spliced_passage_score': 0.125, 'spliced_passage_score_swap': 0.25, 'discrimination': -0.25, 'discrimination_swap': -0.125}
{'key': 'fr2', 'lang': 'French', 'task': 'report', 'presence_rank': 0, 'clean': ' French', 'swapped': ' French', 'clean_ok': True, 'followed_swap': False, 'changed': False}
{'key': 'fr2', 'lang': 'French', 'task': 'country', 'presence_rank': 0, 'clean': ' France', 'swapped': ' Spain', 'clean_ok': True, 'followed_swap': True, 'changed': True}
{'key': 'fr2', 'lang': 'French', 'task': 'continue', 'presence_rank': 1, 'clean': 'Il était une fois un petit village au bord de la mer. Les pêcheurs part', 'swapped': 'Il était une fois un petit village au bord de la mer. Les pêcheurs part', 'clean_lang': 'French', 'swap_lang': 'French', 'clean_ok': True, 'unchanged_lang': True}
{'key': 'fr2', 'lang': 'French', 'task': 'anomaly', 'presence_rank': 1, 'clean_passage_score': 0.875, 'clean_passage_score_swap': 0.875, 'spliced_passage_score': 0.0, 'spliced_passage_score_swap': 0.25, 'discrimination': -0.875, 'discrimination_swap': -0.625}
{'key': 'de1', 'lang': 'German', 'task': 'report', 'presence_rank': 0, 'clean': ' German', 'swapped': ' German', 'clean_ok': True, 'followed_swap': False, 'changed': False}
{'key': 'de1', 'lang': 'German', 'task': 'country', 'presence_rank': 0, 'clean': ' Germany', 'swapped': ' Spain', 'clean_ok': True, 'followed_swap': True, 'changed': True}
{'key': 'de1', 'lang': 'German', 'task': 'continue', 'presence_rank': 1, 'clean': 'Die Sonne ging hinter den Bergen unter, und ein kalter Wind wehte durch das', 'swapped': 'Die Sonne ging hinter den Bergen unter, und ein kalter Wind wehte durch das', 'clean_lang': 'German', 'swap_lang': 'German', 'clean_ok': True, 'unchanged_lang': True}
{'key': 'de1', 'lang': 'German', 'task': 'anomaly', 'presence_rank': 1, 'clean_passage_score': 0.0, 'clean_passage_score_swap': 0.125, 'spliced_passage_score': 0.125, 'spliced_passage_score_swap': 0.25, 'discrimination': 0.125, 'discrimination_swap': 0.125}
{'key': 'de2', 'lang': 'German', 'task': 'report', 'presence_rank': 0, 'clean': ' German', 'swapped': ' German', 'clean_ok': True, 'followed_swap': False, 'changed': False}
{'key': 'de2', 'lang': 'German', 'task': 'country', 'presence_rank': 0, 'clean': ' the', 'swapped': ' Spain', 'clean_ok': False, 'followed_swap': True, 'changed': True}
{'key': 'de2', 'lang': 'German', 'task': 'continue', 'presence_rank': 0, 'clean': 'Es war ein kleines Dorf am Rande des Waldes. Die Kinder spielten jed', 'swapped': 'Es war ein kleines Dorf am Rande des Waldes. Die Kinder spielten jed', 'clean_lang': 'German', 'swap_lang': 'German', 'clean_ok': True, 'unchanged_lang': True}
{'key': 'de2', 'lang': 'German', 'task': 'anomaly', 'presence_rank': 0, 'clean_passage_score': 0.25, 'clean_passage_score_swap': 0.25, 'spliced_passage_score': 0.0, 'spliced_passage_score_swap': 0.0, 'discrimination': -0.25, 'discrimination_swap': -0.25}
{'key': 'es1', 'lang': 'Spanish', 'task': 'report', 'presence_rank': 0, 'clean': ' Spanish', 'swapped': ' French', 'clean_ok': True, 'followed_swap': True, 'changed': True}
{'key': 'es1', 'lang': 'Spanish', 'task': 'country', 'presence_rank': 0, 'clean': ' Spain', 'swapped': ' France', 'clean_ok': True, 'followed_swap': True, 'changed': True}
{'key': 'es1', 'lang': 'Spanish', 'task': 'continue', 'presence_rank': 0, 'clean': 'El sol se ponía detrás de las montañas, y una brisa fresca recorr', 'swapped': 'El sol se ponía detrás de las montañas, y una brisa fresca recorr', 'clean_lang': 'Spanish', 'swap_lang': 'Spanish', 'clean_ok': True, 'unchanged_lang': True}
{'key': 'es1', 'lang': 'Spanish', 'task': 'anomaly', 'presence_rank': 0, 'clean_passage_score': 0.125, 'clean_passage_score_swap': 0.125, 'spliced_passage_score': 0.125, 'spliced_passage_score_swap': 0.125, 'discrimination': 0.0, 'discrimination_swap': 0.0}
{'key': 'es2', 'lang': 'Spanish', 'task': 'report', 'presence_rank': 0, 'clean': ' Spanish', 'swapped': ' French', 'clean_ok': True, 'followed_swap': True, 'changed': True}
{'key': 'es2', 'lang': 'Spanish', 'task': 'country', 'presence_rank': 0, 'clean': ' the', 'swapped': ' France', 'clean_ok': False, 'followed_swap': True, 'changed': True}
{'key': 'es2', 'lang': 'Spanish', 'task': 'continue', 'presence_rank': 1, 'clean': 'Había una vez un pequeño pueblo junto al mar. Los pescadores sal', 'swapped': 'The next day, the fishermen arrived at the beach, and they began to fish, their ', 'clean_lang': 'Spanish', 'swap_lang': None, 'clean_ok': True, 'unchanged_lang': False}
{'key': 'es2', 'lang': 'Spanish', 'task': 'anomaly', 'presence_rank': 1, 'clean_passage_score': 0.375, 'clean_passage_score_swap': 0.375, 'spliced_passage_score': 0.125, 'spliced_passage_score_swap': 0.125, 'discrimination': -0.25, 'discrimination_swap': -0.25}
{'key': 'it1', 'lang': 'Italian', 'task': 'report', 'presence_rank': 0, 'clean': ' Italian', 'swapped': ' French', 'clean_ok': True, 'followed_swap': True, 'changed': True}
{'key': 'it1', 'lang': 'Italian', 'task': 'country', 'presence_rank': 0, 'clean': ' Italy', 'swapped': ' France', 'clean_ok': True, 'followed_swap': True, 'changed': True}
{'key': 'it1', 'lang': 'Italian', 'task': 'continue', 'presence_rank': 0, 'clean': 'Il sole tramontava dietro le colline, e una luce dorata illuminava i campi.', 'swapped': 'Il sole tramontava dietro le colline, e una luce dorata illuminava i campi.', 'clean_lang': 'Italian', 'swap_lang': 'Italian', 'clean_ok': True, 'unchanged_lang': True}
{'key': 'it1', 'lang': 'Italian', 'task': 'anomaly', 'presence_rank': 0, 'clean_passage_score': 0.25, 'clean_passage_score_swap': -0.125, 'spliced_passage_score': 0.25, 'spliced_passage_score_swap': 0.125, 'discrimination': 0.0, 'discrimination_swap': 0.25}
{'key': 'it2', 'lang': 'Italian', 'task': 'report', 'presence_rank': 0, 'clean': ' Italian', 'swapped': ' French', 'clean_ok': True, 'followed_swap': True, 'changed': True}
{'key': 'it2', 'lang': 'Italian', 'task': 'country', 'presence_rank': 0, 'clean': ' Italy', 'swapped': ' France', 'clean_ok': True, 'followed_swap': True, 'changed': True}
{'key': 'it2', 'lang': 'Italian', 'task': 'continue', 'presence_rank': 0, 'clean': 'I am pleased to inform you that the next villa in the area is located in the sam', 'swapped': "C'era una volta un piccolo villaggio in riva al mare. I pescator", 'clean_lang': None, 'swap_lang': 'Spanish', 'clean_ok': False, 'unchanged_lang': False}
{'key': 'it2', 'lang': 'Italian', 'task': 'anomaly', 'presence_rank': 0, 'clean_passage_score': 0.375, 'clean_passage_score_swap': 0.25, 'spliced_passage_score': 0.125, 'spliced_passage_score_swap': -0.125, 'discrimination': -0.25, 'discrimination_swap': -0.375}
{'key': 'fr_c1', 'lang': 'French', 'task': 'report', 'presence_rank': 0, 'clean': ' French', 'swapped': ' French', 'clean_ok': True, 'followed_swap': False, 'changed': False}
{'key': 'fr_c1', 'lang': 'French', 'task': 'country', 'presence_rank': 0, 'clean': ' France', 'swapped': ' Spain', 'clean_ok': True, 'followed_swap': True, 'changed': True}
{'key': 'fr_c1', 'lang': 'French', 'task': 'continue', 'presence_rank': 1, 'clean': 'La pluie tombait doucement sur les toits de la ville. Dans la cuisine, grand', 'swapped': 'La pluie tombait doucement sur les toits de la ville. Dans la cuisine, grand', 'clean_lang': 'French', 'swap_lang': 'French', 'clean_ok': True, 'unchanged_lang': True}
{'key': 'fr_c1', 'lang': 'French', 'task': 'anomaly', 'presence_rank': 1, 'clean_passage_score': 0.5, 'clean_passage_score_swap': 0.625, 'spliced_passage_score': 0.25, 'spliced_passage_score_swap': 0.125, 'discrimination': -0.25, 'discrimination_swap': -0.5}
{'key': 'fr_c2', 'lang': 'French', 'task': 'report', 'presence_rank': 0, 'clean': ' French', 'swapped': ' Spanish', 'clean_ok': True, 'followed_swap': True, 'changed': True}
{'key': 'fr_c2', 'lang': 'French', 'task': 'country', 'presence_rank': 0, 'clean': ' France', 'swapped': ' Spain', 'clean_ok': True, 'followed_swap': True, 'changed': True}
{'key': 'fr_c2', 'lang': 'French', 'task': 'continue', 'presence_rank': 0, 'clean': 'Chaque été, nous allions chez mon oncle à la campagne. Il avait un', 'swapped': 'Chaque été, nous allions chez mon oncle à la campagne. Il avait un', 'clean_lang': 'French', 'swap_lang': 'French', 'clean_ok': True, 'unchanged_lang': True}
{'key': 'fr_c2', 'lang': 'French', 'task': 'anomaly', 'presence_rank': 0, 'clean_passage_score': 0.125, 'clean_passage_score_swap': 0.125, 'spliced_passage_score': -0.125, 'spliced_passage_score_swap': -0.25, 'discrimination': -0.25, 'discrimination_swap': -0.375}
{'key': 'fr_c3', 'lang': 'French', 'task': 'report', 'presence_rank': 0, 'clean': ' French', 'swapped': ' French', 'clean_ok': True, 'followed_swap': False, 'changed': False}
{'key': 'fr_c3', 'lang': 'French', 'task': 'country', 'presence_rank': 0, 'clean': ' France', 'swapped': ' Spain', 'clean_ok': True, 'followed_swap': True, 'changed': True}
{'key': 'fr_c3', 'lang': 'French', 'task': 'continue', 'presence_rank': 2, 'clean': 'Le train partait à huit heures du matin. Sur le quai, les voyageurs attendaient', 'swapped': 'Le train partait à huit heures du matin. Sur le quai, les voyageurs attendaient', 'clean_lang': 'French', 'swap_lang': 'French', 'clean_ok': True, 'unchanged_lang': True}
{'key': 'fr_c3', 'lang': 'French', 'task': 'anomaly', 'presence_rank': 2, 'clean_passage_score': 0.5, 'clean_passage_score_swap': 0.5, 'spliced_passage_score': 0.25, 'spliced_passage_score_swap': 0.25, 'discrimination': -0.25, 'discrimination_swap': -0.25}
{'key': 'de_c1', 'lang': 'German', 'task': 'report', 'presence_rank': 1, 'clean': ' German', 'swapped': ' German', 'clean_ok': True, 'followed_swap': False, 'changed': False}
{'key': 'de_c1', 'lang': 'German', 'task': 'country', 'presence_rank': 0, 'clean': ' Germany', 'swapped': ' Spain', 'clean_ok': True, 'followed_swap': True, 'changed': True}
{'key': 'de_c1', 'lang': 'German', 'task': 'continue', 'presence_rank': 1, 'clean': 'Der Winter kam früh in diesem Jahr. Schnee bedeckte die Dächer des k', 'swapped': 'The winter in 2022. The snow fell on the snow-covered mountains, and the snow-co', 'clean_lang': 'German', 'swap_lang': None, 'clean_ok': True, 'unchanged_lang': False}
{'key': 'de_c1', 'lang': 'German', 'task': 'anomaly', 'presence_rank': 0, 'clean_passage_score': 0.125, 'clean_passage_score_swap': 0.25, 'spliced_passage_score': 0.125, 'spliced_passage_score_swap': 0.125, 'discrimination': 0.0, 'discrimination_swap': -0.125}
{'key': 'de_c2', 'lang': 'German', 'task': 'report', 'presence_rank': 0, 'clean': ' German', 'swapped': ' German', 'clean_ok': True, 'followed_swap': False, 'changed': False}
{'key': 'de_c2', 'lang': 'German', 'task': 'country', 'presence_rank': 0, 'clean': ' Germany', 'swapped': ' Spain', 'clean_ok': True, 'followed_swap': True, 'changed': True}
{'key': 'de_c2', 'lang': 'German', 'task': 'continue', 'presence_rank': 0, 'clean': 'Jeden Morgen fuhr Herr Müller mit dem Fahrrad zur Arbeit. Auf', 'swapped': 'Jeden Morgen fuhr Herr Müller mit dem Fahrrad zur Arbeit. Auf', 'clean_lang': 'German', 'swap_lang': 'German', 'clean_ok': True, 'unchanged_lang': True}
{'key': 'de_c2', 'lang': 'German', 'task': 'anomaly', 'presence_rank': 0, 'clean_passage_score': 0.0, 'clean_passage_score_swap': 0.0, 'spliced_passage_score': 0.125, 'spliced_passage_score_swap': 0.0, 'discrimination': 0.125, 'discrimination_swap': 0.0}
{'key': 'de_c3', 'lang': 'German', 'task': 'report', 'presence_rank': 0, 'clean': ' German', 'swapped': ' German', 'clean_ok': True, 'followed_swap': False, 'changed': False}
{'key': 'de_c3', 'lang': 'German', 'task': 'country', 'presence_rank': 0, 'clean': ' Germany', 'swapped': ' Spain', 'clean_ok': True, 'followed_swap': True, 'changed': True}
{'key': 'de_c3', 'lang': 'German', 'task': 'continue', 'presence_rank': 0, 'clean': 'Die Bibliothek war still und warm. Anna saß am Fenster und las ein altes Buch ü', 'swapped': 'Die Bibliothek war still und warm. Anna saß am Fenster und las ein altes Buch ü', 'clean_lang': 'German', 'swap_lang': 'German', 'clean_ok': True, 'unchanged_lang': True}
{'key': 'de_c3', 'lang': 'German', 'task': 'anomaly', 'presence_rank': 0, 'clean_passage_score': 0.0, 'clean_passage_score_swap': 0.0, 'spliced_passage_score': 0.0, 'spliced_passage_score_swap': 0.0, 'discrimination': 0.0, 'discrimination_swap': 0.0}
{'key': 'es_c1', 'lang': 'Spanish', 'task': 'report', 'presence_rank': 0, 'clean': ' Spanish', 'swapped': ' French', 'clean_ok': True, 'followed_swap': True, 'changed': True}
{'key': 'es_c1', 'lang': 'Spanish', 'task': 'country', 'presence_rank': 0, 'clean': ' Spain', 'swapped': ' France', 'clean_ok': True, 'followed_swap': True, 'changed': True}
{'key': 'es_c1', 'lang': 'Spanish', 'task': 'continue', 'presence_rank': 0, 'clean': 'El mercado estaba lleno de colores y de voces. Las señoras compraban n', 'swapped': 'El mercado estaba lleno de colores y de voces. Las señoras compraban n', 'clean_lang': 'Spanish', 'swap_lang': 'Spanish', 'clean_ok': True, 'unchanged_lang': True}
{'key': 'es_c1', 'lang': 'Spanish', 'task': 'anomaly', 'presence_rank': 0, 'clean_passage_score': 0.25, 'clean_passage_score_swap': 0.25, 'spliced_passage_score': 0.375, 'spliced_passage_score_swap': 0.25, 'discrimination': 0.125, 'discrimination_swap': 0.0}
{'key': 'es_c2', 'lang': 'Spanish', 'task': 'report', 'presence_rank': 0, 'clean': ' Spanish', 'swapped': ' French', 'clean_ok': True, 'followed_swap': True, 'changed': True}
{'key': 'es_c2', 'lang': 'Spanish', 'task': 'country', 'presence_rank': 0, 'clean': ' Spain', 'swapped': ' France', 'clean_ok': True, 'followed_swap': True, 'changed': True}
{'key': 'es_c2', 'lang': 'Spanish', 'task': 'continue', 'presence_rank': 0, 'clean': 'Cada domingo, la familia se reunía en la casa de la abuela. Ella preparaba pa', 'swapped': 'Cada domingo, la familia se reunía en la casa de la abuela. Ella preparaba pa', 'clean_lang': 'Spanish', 'swap_lang': 'Spanish', 'clean_ok': True, 'unchanged_lang': True}
{'key': 'es_c2', 'lang': 'Spanish', 'task': 'anomaly', 'presence_rank': 0, 'clean_passage_score': 0.0, 'clean_passage_score_swap': 0.0, 'spliced_passage_score': 0.0, 'spliced_passage_score_swap': -0.125, 'discrimination': 0.0, 'discrimination_swap': -0.125}
{'key': 'es_c3', 'lang': 'Spanish', 'task': 'report', 'presence_rank': 0, 'clean': ' Spanish', 'swapped': ' French', 'clean_ok': True, 'followed_swap': True, 'changed': True}
{'key': 'es_c3', 'lang': 'Spanish', 'task': 'country', 'presence_rank': 0, 'clean': ' the', 'swapped': ' France', 'clean_ok': False, 'followed_swap': True, 'changed': True}
{'key': 'es_c3', 'lang': 'Spanish', 'task': 'continue', 'presence_rank': 0, 'clean': 'El sol brillaba sobre el pueblo blanco. Los pescadores volvían del', 'swapped': 'El sol brillaba sobre el pueblo blanco. Los pescadores volvían del', 'clean_lang': 'Spanish', 'swap_lang': 'Spanish', 'clean_ok': True, 'unchanged_lang': True}
{'key': 'es_c3', 'lang': 'Spanish', 'task': 'anomaly', 'presence_rank': 0, 'clean_passage_score': 0.25, 'clean_passage_score_swap': 0.0, 'spliced_passage_score': 0.125, 'spliced_passage_score_swap': 0.125, 'discrimination': -0.125, 'discrimination_swap': 0.125}
{'key': 'it_c1', 'lang': 'Italian', 'task': 'report', 'presence_rank': 0, 'clean': ' Italian', 'swapped': ' French', 'clean_ok': True, 'followed_swap': True, 'changed': True}
{'key': 'it_c1', 'lang': 'Italian', 'task': 'country', 'presence_rank': 0, 'clean': ' Italy', 'swapped': ' France', 'clean_ok': True, 'followed_swap': True, 'changed': True}
{'key': 'it_c1', 'lang': 'Italian', 'task': 'continue', 'presence_rank': 0, 'clean': 'La mattina era fresca e chiara. Il fornaio apriva la sua bottega e il', 'swapped': 'La mattina era fresca e chiara. Il fornaio apriva la sua bottega e il', 'clean_lang': 'Italian', 'swap_lang': 'Italian', 'clean_ok': True, 'unchanged_lang': True}
{'key': 'it_c1', 'lang': 'Italian', 'task': 'anomaly', 'presence_rank': 0, 'clean_passage_score': 0.25, 'clean_passage_score_swap': 0.125, 'spliced_passage_score': 0.125, 'spliced_passage_score_swap': 0.0, 'discrimination': -0.125, 'discrimination_swap': -0.125}
{'key': 'it_c2', 'lang': 'Italian', 'task': 'report', 'presence_rank': 0, 'clean': ' Italian', 'swapped': ' French', 'clean_ok': True, 'followed_swap': True, 'changed': True}
{'key': 'it_c2', 'lang': 'Italian', 'task': 'country', 'presence_rank': 0, 'clean': ' Italy', 'swapped': ' France', 'clean_ok': True, 'followed_swap': True, 'changed': True}
{'key': 'it_c2', 'lang': 'Italian', 'task': 'continue', 'presence_rank': 0, 'clean': 'Ogni estate e almarno coniunzione. La spiaggia era piena di', 'swapped': 'Ogni estate e almarno coniunzione. La spiaggia era piena di', 'clean_lang': 'Italian', 'swap_lang': 'Italian', 'clean_ok': True, 'unchanged_lang': True}
{'key': 'it_c2', 'lang': 'Italian', 'task': 'anomaly', 'presence_rank': 0, 'clean_passage_score': 0.0, 'clean_passage_score_swap': -0.25, 'spliced_passage_score': 0.125, 'spliced_passage_score_swap': 0.25, 'discrimination': 0.125, 'discrimination_swap': 0.5}
{'key': 'it_c3', 'lang': 'Italian', 'task': 'report', 'presence_rank': 0, 'clean': ' Italian', 'swapped': ' French', 'clean_ok': True, 'followed_swap': True, 'changed': True}
{'key': 'it_c3', 'lang': 'Italian', 'task': 'country', 'presence_rank': 0, 'clean': ' Italy', 'swapped': ' France', 'clean_ok': True, 'followed_swap': True, 'changed': True}
{'key': 'it_c3', 'lang': 'Italian', 'task': 'continue', 'presence_rank': 0, 'clean': 'Il treno attraversava le colline verdi della Toscana. Dal finestrino si v', 'swapped': 'Il treno attraversava le colline verdi della Toscana. Dal finestrino si v', 'clean_lang': 'French', 'swap_lang': 'French', 'clean_ok': False, 'unchanged_lang': False}
{'key': 'it_c3', 'lang': 'Italian', 'task': 'anomaly', 'presence_rank': 0, 'clean_passage_score': 0.25, 'clean_passage_score_swap': -0.125, 'spliced_passage_score': 0.125, 'spliced_passage_score_swap': -0.125, 'discrimination': -0.125, 'discrimination_swap': 0.0}
{
 "report": {
  "n": 20,
  "clean_ok": 20,
  "followed": 11,
  "unchanged": 9,
  "presence_top3": 20
 },
 "country": {
  "n": 20,
  "clean_ok": 17,
  "followed": 20,
  "unchanged": 0,
  "presence_top3": 20
 },
 "continue": {
  "n": 20,
  "clean_ok": 18,
  "followed": 0,
  "unchanged": 16,
  "presence_top3": 20
 },
 "anomaly": {
  "n": 20,
  "n_discriminates": 4,
  "n_sign_invariant": 16,
  "presence_top3": 20
 }
}
saved runs/confirm_c5a.json
