Warning: You are sending unauthenticated requests to the HF Hub. Please set a HF_TOKEN to enable higher rate limits and faster downloads.
Loading weights:   0%|          | 0/436 [00:00<?, ?it/s]Loading weights:  79%|███████▉  | 346/436 [00:00<00:00, 3459.26it/s]Loading weights: 100%|██████████| 436/436 [00:00<00:00, 4236.03it/s]
categories: 12 (usable = member in output top-5)
per-layer mean Spearman (lens ranks vs output ranks of members):
  L 0  +0.060  (min -0.49, max +0.67)
  L 1  +0.221  (min -0.30, max +0.88)
  L 2  +0.241  (min -0.36, max +0.81)
  L 3  +0.260  (min -0.31, max +0.64)
  L 4  +0.227  (min -0.49, max +0.63)
  L 5  +0.250  (min -0.39, max +0.68)
  L 6  +0.245  (min -0.27, max +0.76)
  L 7  +0.324  (min -0.25, max +0.78)
  L 8  +0.393  (min -0.24, max +0.71)
  L 9  +0.396  (min -0.07, max +0.85)
  L10  +0.428  (min -0.08, max +0.70)
  L11  +0.406  (min -0.11, max +0.71)
  L12  +0.371  (min -0.24, max +0.69)
  L13  +0.341  (min -0.11, max +0.66)
  L14  +0.381  (min -0.20, max +0.72)
  L15  +0.388  (min -0.10, max +0.78)
  L16  +0.458  (min -0.14, max +0.86)
  L17  +0.483  (min +0.05, max +0.90)
  L18  +0.496  (min +0.06, max +0.88)
  L19  +0.550  (min +0.02, max +0.98)
  L20  +0.582  (min +0.18, max +0.84)
  L21  +0.575  (min -0.09, max +0.98)
  L22  +0.624  (min +0.24, max +0.98)
  L23  +0.661  (min +0.21, max +0.98)
  L24  +0.642  (min +0.23, max +0.88)
  L25  +0.652  (min +0.25, max +0.88)
  L26  +0.670  (min +0.23, max +0.89)
  L27  +0.674  (min +0.21, max +0.89)
  L28  +0.706  (min +0.21, max +0.88)
  L29  +0.699  (min +0.15, max +0.88)
  L30  +0.725  (min +0.16, max +0.88)
  L31  +0.741  (min +0.18, max +0.90)
  L32  +0.772  (min +0.28, max +0.96)
  L33  +0.821  (min +0.39, max +0.98)
  L34  +0.899  (min +0.61, max +1.00)
