Warning: You are sending unauthenticated requests to the HF Hub. Please set a HF_TOKEN to enable higher rate limits and faster downloads.
Loading weights:   0%|          | 0/436 [00:00<?, ?it/s]Loading weights: 100%|██████████| 436/436 [00:00<00:00, 6813.04it/s]
L20: French-probe J-share 18.6%
L21: French-probe J-share 17.9%
L22: French-probe J-share 21.3%
L23: French-probe J-share 22.5%
L24: French-probe J-share 23.0%
L25: French-probe J-share 23.3%
L26: French-probe J-share 23.6%
L27: French-probe J-share 23.1%
L28: French-probe J-share 24.0%
L29: French-probe J-share 24.0%
L30: French-probe J-share 21.1%
L31: French-probe J-share 22.4%
L32: French-probe J-share 21.5%
L33: French-probe J-share 23.6%
L34: French-probe J-share 26.3%

n=6 sentences; paired z vs neutral header (lens 'French' | J-orth property probe | full probe):
  claim  lens z  +28.6   orth-probe z   +3.0   full-probe z   +5.0
  real   lens z  +16.8   orth-probe z  +22.5   full-probe z  +29.4
