Warning: You are sending unauthenticated requests to the HF Hub. Please set a HF_TOKEN to enable higher rate limits and faster downloads.
Loading weights:   0%|          | 0/292 [00:00<?, ?it/s]Loading weights:   3%|▎         | 10/292 [00:00<00:02, 99.58it/s]Loading weights:  11%|█         | 31/292 [00:00<00:01, 164.40it/s]Loading weights: 100%|██████████| 292/292 [00:00<00:00, 975.13it/s]
clean     wikitext   (shallow ) 1.00
clean     copy       (shallow ) 1.00
clean     cont_lang  (shallow ) 1.00
clean     twohop     (flexible) 1.00
clean     country    (flexible) 0.92
clean     report     (flexible) 1.00
ablate    wikitext   (shallow ) 0.60
ablate    copy       (shallow ) 0.75
ablate    cont_lang  (shallow ) 0.92
ablate    twohop     (flexible) 0.00
ablate    country    (flexible) 0.08
ablate    report     (flexible) 0.25
   [ablation removed 8.3% of residual norm on average]
randproj  wikitext   (shallow ) 0.92
randproj  copy       (shallow ) 1.00
randproj  cont_lang  (shallow ) 0.92
randproj  twohop     (flexible) 0.92
randproj  country    (flexible) 0.92
randproj  report     (flexible) 1.00
noise     wikitext   (shallow ) 0.85
noise     copy       (shallow ) 1.00
noise     cont_lang  (shallow ) 1.00
noise     twohop     (flexible) 0.75
noise     country    (flexible) 0.92
noise     report     (flexible) 0.88

retention vs clean (k=1, layers [19, 20, 21, 22], centered):
task       kind      ablate  randproj   noise
wikitext   shallow     0.60    0.92    0.85
copy       shallow     0.75    1.00    1.00
cont_lang  shallow     0.92    0.92    1.00
twohop     flexible    0.00    0.92    0.75
country    flexible    0.09    1.00    1.00
report     flexible    0.25    1.00    0.88
