Warning: You are sending unauthenticated requests to the HF Hub. Please set a HF_TOKEN to enable higher rate limits and faster downloads.
Loading weights:   0%|          | 0/148 [00:00<?, ?it/s]Loading weights: 100%|██████████| 148/148 [00:00<00:00, 16431.71it/s]
clean     wikitext   (shallow ) 1.00  (1896/1896)
clean     copy       (shallow ) 0.96  (143/149)
clean     cont_lang  (shallow ) 0.98  (51/52)
clean     seq_formulaic (shallow ) 1.00  (12/12)
clean     idiom      (shallow ) 1.00  (8/8)
clean     collocation (shallow ) 1.00  (7/7)
clean     func_cloze (shallow ) 1.00  (9/9)
clean     punct      (shallow ) 1.00  (8/8)
clean     agreement  (shallow ) 1.00  (3/3)
clean     twohop     (flexible) 1.00  (21/21)
clean     country    (flexible) 0.98  (51/52)
clean     report     (flexible) 1.00  (13/13)
ablate    wikitext   (shallow ) 0.45  (848/1896)
ablate    copy       (shallow ) 0.51  (76/149)
ablate    cont_lang  (shallow ) 0.83  (43/52)
ablate    seq_formulaic (shallow ) 0.08  (1/12)
ablate    idiom      (shallow ) 0.25  (2/8)
ablate    collocation (shallow ) 0.14  (1/7)
ablate    func_cloze (shallow ) 0.78  (7/9)
ablate    punct      (shallow ) 1.00  (8/8)
ablate    agreement  (shallow ) 0.33  (1/3)
ablate    twohop     (flexible) 0.00  (0/21)
ablate    country    (flexible) 0.00  (0/52)
ablate    report     (flexible) 0.08  (1/13)
   [ablation removed 16.5% of residual norm on average]
randproj  wikitext   (shallow ) 0.81  (1535/1896)
randproj  copy       (shallow ) 0.95  (141/149)
randproj  cont_lang  (shallow ) 1.00  (52/52)
randproj  seq_formulaic (shallow ) 1.00  (12/12)
randproj  idiom      (shallow ) 1.00  (8/8)
randproj  collocation (shallow ) 1.00  (7/7)
randproj  func_cloze (shallow ) 1.00  (9/9)
randproj  punct      (shallow ) 1.00  (8/8)
randproj  agreement  (shallow ) 1.00  (3/3)
randproj  twohop     (flexible) 0.76  (16/21)
randproj  country    (flexible) 0.81  (42/52)
randproj  report     (flexible) 0.92  (12/13)
noise     wikitext   (shallow ) 0.68  (1295/1896)
noise     copy       (shallow ) 0.93  (139/149)
noise     cont_lang  (shallow ) 0.94  (49/52)
noise     seq_formulaic (shallow ) 0.83  (10/12)
noise     idiom      (shallow ) 1.00  (8/8)
noise     collocation (shallow ) 0.71  (5/7)
noise     func_cloze (shallow ) 0.89  (8/9)
noise     punct      (shallow ) 1.00  (8/8)
noise     agreement  (shallow ) 0.33  (1/3)
noise     twohop     (flexible) 0.52  (11/21)
noise     country    (flexible) 0.65  (34/52)
noise     report     (flexible) 0.69  (9/13)

wikitext accuracy by answer-token class (ablate / randproj):
  content   ablate 0.11 (91/803)   ctl 0.71   excess damage +0.59
  function  ablate 0.71 (550/776)   ctl 0.89   excess damage +0.19
  punct     ablate 0.65 (207/317)   ctl 0.86   excess damage +0.21

copy accuracy by answer-token class (ablate / randproj):
  content   ablate 0.37 (34/93)   ctl 0.98   excess damage +0.61
  function  ablate 0.75 (42/56)   ctl 0.89   excess damage +0.14

suite accuracy by answer-token class (ablate / randproj):
  content   ablate 0.32 (11/34)   ctl 1.00   excess damage +0.68
  function  ablate 0.69 (9/13)   ctl 1.00   excess damage +0.31

retention vs clean (k=5, layers [7, 8, 9, 10], centered):
task       kind      ablate  randproj   noise
wikitext   shallow     0.45    0.81    0.68
copy       shallow     0.53    0.99    0.97
cont_lang  shallow     0.84    1.02    0.96
seq_formulaic shallow     0.08    1.00    0.83
idiom      shallow     0.25    1.00    1.00
collocation shallow     0.14    1.00    0.71
func_cloze shallow     0.78    1.00    0.89
punct      shallow     1.00    1.00    1.00
agreement  shallow     0.33    1.00    0.33
twohop     flexible    0.00    0.76    0.52
country    flexible    0.00    0.82    0.67
report     flexible    0.08    0.92    0.69
