Warning: You are sending unauthenticated requests to the HF Hub. Please set a HF_TOKEN to enable higher rate limits and faster downloads.
Loading weights:   0%|          | 0/292 [00:00<?, ?it/s]Loading weights:  18%|█▊        | 53/292 [00:00<00:00, 529.47it/s]Loading weights:  36%|███▋      | 106/292 [00:00<00:00, 331.95it/s]Loading weights: 100%|██████████| 292/292 [00:00<00:00, 953.69it/s]
clean     wikitext   (shallow ) 1.00
clean     copy       (shallow ) 1.00
clean     cont_lang  (shallow ) 1.00
clean     twohop     (flexible) 1.00
clean     country    (flexible) 0.92
clean     report     (flexible) 1.00
ablate    wikitext   (shallow ) 0.39
ablate    copy       (shallow ) 0.50
ablate    cont_lang  (shallow ) 0.58
ablate    twohop     (flexible) 0.00
ablate    country    (flexible) 0.00
ablate    report     (flexible) 0.25
   [ablation removed 9.1% of residual norm on average]
randproj  wikitext   (shallow ) 0.78
randproj  copy       (shallow ) 1.00
randproj  cont_lang  (shallow ) 0.92
randproj  twohop     (flexible) 0.67
randproj  country    (flexible) 0.92
randproj  report     (flexible) 0.75
noise     wikitext   (shallow ) 0.74
noise     copy       (shallow ) 1.00
noise     cont_lang  (shallow ) 1.00
noise     twohop     (flexible) 0.58
noise     country    (flexible) 0.92
noise     report     (flexible) 0.75

retention vs clean (k=3, layers [14, 15, 16, 17, 18, 19, 20, 21, 22], centered):
task       kind      ablate  randproj   noise
wikitext   shallow     0.39    0.78    0.74
copy       shallow     0.50    1.00    1.00
cont_lang  shallow     0.58    0.92    1.00
twohop     flexible    0.00    0.67    0.58
country    flexible    0.00    1.00    1.00
report     flexible    0.25    0.75    0.75
