Warning: You are sending unauthenticated requests to the HF Hub. Please set a HF_TOKEN to enable higher rate limits and faster downloads.
Loading weights:   0%|          | 0/436 [00:00<?, ?it/s]Loading weights:  33%|███▎      | 142/436 [00:00<00:00, 735.70it/s]Loading weights:  76%|███████▌  | 332/436 [00:00<00:00, 1230.85it/s]Loading weights: 100%|██████████| 436/436 [00:00<00:00, 1474.31it/s]
clean     wikitext   (shallow ) 1.00
clean     copy       (shallow ) 1.00
clean     cont_lang  (shallow ) 1.00
clean     twohop     (flexible) 1.00
clean     country    (flexible) 1.00
clean     report     (flexible) 1.00
ablate    wikitext   (shallow ) 0.49
ablate    copy       (shallow ) 0.69
ablate    cont_lang  (shallow ) 0.75
ablate    twohop     (flexible) 0.00
ablate    country    (flexible) 0.42
ablate    report     (flexible) 0.00
   [ablation removed 8.1% of residual norm on average]
randproj  wikitext   (shallow ) 0.88
randproj  copy       (shallow ) 1.00
randproj  cont_lang  (shallow ) 1.00
randproj  twohop     (flexible) 0.91
randproj  country    (flexible) 1.00
randproj  report     (flexible) 1.00
noise     wikitext   (shallow ) 0.82
noise     copy       (shallow ) 1.00
noise     cont_lang  (shallow ) 1.00
noise     twohop     (flexible) 0.82
noise     country    (flexible) 1.00
noise     report     (flexible) 0.88

retention vs clean (k=1, layers [20, 21, 22, 23, 24, 25, 26, 27, 28, 29, 30, 31, 32, 33, 34], centered):
task       kind      ablate  randproj   noise
wikitext   shallow     0.49    0.88    0.82
copy       shallow     0.69    1.00    1.00
cont_lang  shallow     0.75    1.00    1.00
twohop     flexible    0.00    0.91    0.82
country    flexible    0.42    1.00    1.00
report     flexible    0.00    1.00    0.88
