Warning: You are sending unauthenticated requests to the HF Hub. Please set a HF_TOKEN to enable higher rate limits and faster downloads.
Loading weights:   0%|          | 0/148 [00:00<?, ?it/s]Loading weights: 100%|██████████| 148/148 [00:00<00:00, 16139.91it/s]
clean     wikitext   (shallow ) 1.00  (1896/1896)
clean     copy       (shallow ) 0.96  (143/149)
clean     cont_lang  (shallow ) 0.98  (51/52)
clean     seq_formulaic (shallow ) 1.00  (12/12)
clean     idiom      (shallow ) 1.00  (8/8)
clean     collocation (shallow ) 1.00  (7/7)
clean     func_cloze (shallow ) 1.00  (9/9)
clean     punct      (shallow ) 1.00  (8/8)
clean     agreement  (shallow ) 1.00  (3/3)
clean     twohop     (flexible) 1.00  (21/21)
clean     country    (flexible) 0.98  (51/52)
clean     report     (flexible) 1.00  (13/13)
ablate    wikitext   (shallow ) 0.42  (791/1896)
ablate    copy       (shallow ) 0.42  (63/149)
ablate    cont_lang  (shallow ) 0.69  (36/52)
ablate    seq_formulaic (shallow ) 0.00  (0/12)
ablate    idiom      (shallow ) 0.25  (2/8)
ablate    collocation (shallow ) 0.14  (1/7)
ablate    func_cloze (shallow ) 0.78  (7/9)
ablate    punct      (shallow ) 1.00  (8/8)
ablate    agreement  (shallow ) 0.33  (1/3)
ablate    twohop     (flexible) 0.00  (0/21)
ablate    country    (flexible) 0.00  (0/52)
ablate    report     (flexible) 0.15  (2/13)
   [ablation removed 18.4% of residual norm on average]
randproj  wikitext   (shallow ) 0.74  (1409/1896)
randproj  copy       (shallow ) 0.95  (141/149)
randproj  cont_lang  (shallow ) 1.00  (52/52)
randproj  seq_formulaic (shallow ) 0.92  (11/12)
randproj  idiom      (shallow ) 0.88  (7/8)
randproj  collocation (shallow ) 0.86  (6/7)
randproj  func_cloze (shallow ) 1.00  (9/9)
randproj  punct      (shallow ) 1.00  (8/8)
randproj  agreement  (shallow ) 1.00  (3/3)
randproj  twohop     (flexible) 0.62  (13/21)
randproj  country    (flexible) 0.69  (36/52)
randproj  report     (flexible) 0.85  (11/13)
noise     wikitext   (shallow ) 0.65  (1239/1896)
noise     copy       (shallow ) 0.93  (139/149)
noise     cont_lang  (shallow ) 0.94  (49/52)
noise     seq_formulaic (shallow ) 0.75  (9/12)
noise     idiom      (shallow ) 0.75  (6/8)
noise     collocation (shallow ) 0.57  (4/7)
noise     func_cloze (shallow ) 0.89  (8/9)
noise     punct      (shallow ) 1.00  (8/8)
noise     agreement  (shallow ) 0.33  (1/3)
noise     twohop     (flexible) 0.43  (9/21)
noise     country    (flexible) 0.60  (31/52)
noise     report     (flexible) 0.69  (9/13)

wikitext accuracy by answer-token class (ablate / randproj):
  content   ablate 0.10 (78/803)   ctl 0.59   excess damage +0.49
  function  ablate 0.67 (519/776)   ctl 0.88   excess damage +0.21
  punct     ablate 0.61 (194/317)   ctl 0.81   excess damage +0.20

copy accuracy by answer-token class (ablate / randproj):
  content   ablate 0.26 (24/93)   ctl 0.97   excess damage +0.71
  function  ablate 0.70 (39/56)   ctl 0.91   excess damage +0.21

suite accuracy by answer-token class (ablate / randproj):
  content   ablate 0.29 (10/34)   ctl 0.91   excess damage +0.62
  function  ablate 0.69 (9/13)   ctl 1.00   excess damage +0.31

retention vs clean (k=10, layers [7, 8, 9, 10], centered):
task       kind      ablate  randproj   noise
wikitext   shallow     0.42    0.74    0.65
copy       shallow     0.44    0.99    0.97
cont_lang  shallow     0.71    1.02    0.96
seq_formulaic shallow     0.00    0.92    0.75
idiom      shallow     0.25    0.88    0.75
collocation shallow     0.14    0.86    0.57
func_cloze shallow     0.78    1.00    0.89
punct      shallow     1.00    1.00    1.00
agreement  shallow     0.33    1.00    0.33
twohop     flexible    0.00    0.62    0.43
country    flexible    0.00    0.71    0.61
report     flexible    0.15    0.85    0.69
