Warning: You are sending unauthenticated requests to the HF Hub. Please set a HF_TOKEN to enable higher rate limits and faster downloads.
Loading weights:   0%|          | 0/148 [00:00<?, ?it/s]Loading weights: 100%|██████████| 148/148 [00:00<00:00, 14705.35it/s]
clean     wikitext   (shallow ) 1.00  (1896/1896)
clean     copy       (shallow ) 0.96  (143/149)
clean     cont_lang  (shallow ) 0.98  (51/52)
clean     seq_formulaic (shallow ) 1.00  (12/12)
clean     idiom      (shallow ) 1.00  (8/8)
clean     collocation (shallow ) 1.00  (7/7)
clean     func_cloze (shallow ) 1.00  (9/9)
clean     punct      (shallow ) 1.00  (8/8)
clean     agreement  (shallow ) 1.00  (3/3)
clean     twohop     (flexible) 1.00  (21/21)
clean     country    (flexible) 0.98  (51/52)
clean     report     (flexible) 1.00  (13/13)
ablate    wikitext   (shallow ) 0.53  (1013/1896)
ablate    copy       (shallow ) 0.74  (110/149)
ablate    cont_lang  (shallow ) 0.94  (49/52)
ablate    seq_formulaic (shallow ) 0.25  (3/12)
ablate    idiom      (shallow ) 0.88  (7/8)
ablate    collocation (shallow ) 0.57  (4/7)
ablate    func_cloze (shallow ) 0.89  (8/9)
ablate    punct      (shallow ) 1.00  (8/8)
ablate    agreement  (shallow ) 0.67  (2/3)
ablate    twohop     (flexible) 0.00  (0/21)
ablate    country    (flexible) 0.00  (0/52)
ablate    report     (flexible) 0.08  (1/13)
   [ablation removed 17.0% of residual norm on average]
randproj  wikitext   (shallow ) 0.91  (1729/1896)
randproj  copy       (shallow ) 0.95  (142/149)
randproj  cont_lang  (shallow ) 0.98  (51/52)
randproj  seq_formulaic (shallow ) 1.00  (12/12)
randproj  idiom      (shallow ) 1.00  (8/8)
randproj  collocation (shallow ) 1.00  (7/7)
randproj  func_cloze (shallow ) 1.00  (9/9)
randproj  punct      (shallow ) 1.00  (8/8)
randproj  agreement  (shallow ) 1.00  (3/3)
randproj  twohop     (flexible) 0.95  (20/21)
randproj  country    (flexible) 0.92  (48/52)
randproj  report     (flexible) 1.00  (13/13)
noise     wikitext   (shallow ) 0.81  (1530/1896)
noise     copy       (shallow ) 0.95  (141/149)
noise     cont_lang  (shallow ) 0.96  (50/52)
noise     seq_formulaic (shallow ) 1.00  (12/12)
noise     idiom      (shallow ) 0.88  (7/8)
noise     collocation (shallow ) 0.86  (6/7)
noise     func_cloze (shallow ) 0.89  (8/9)
noise     punct      (shallow ) 1.00  (8/8)
noise     agreement  (shallow ) 1.00  (3/3)
noise     twohop     (flexible) 0.76  (16/21)
noise     country    (flexible) 0.87  (45/52)
noise     report     (flexible) 0.92  (12/13)

wikitext accuracy by answer-token class (ablate / randproj):
  content   ablate 0.22 (180/803)   ctl 0.86   excess damage +0.63
  function  ablate 0.79 (611/776)   ctl 0.95   excess damage +0.16
  punct     ablate 0.70 (222/317)   ctl 0.95   excess damage +0.25

copy accuracy by answer-token class (ablate / randproj):
  content   ablate 0.65 (60/93)   ctl 0.98   excess damage +0.33
  function  ablate 0.89 (50/56)   ctl 0.91   excess damage +0.02

suite accuracy by answer-token class (ablate / randproj):
  content   ablate 0.62 (21/34)   ctl 1.00   excess damage +0.38
  function  ablate 0.85 (11/13)   ctl 1.00   excess damage +0.15

retention vs clean (k=3, layers [9, 10], centered):
task       kind      ablate  randproj   noise
wikitext   shallow     0.53    0.91    0.81
copy       shallow     0.77    0.99    0.99
cont_lang  shallow     0.96    1.00    0.98
seq_formulaic shallow     0.25    1.00    1.00
idiom      shallow     0.88    1.00    0.88
collocation shallow     0.57    1.00    0.86
func_cloze shallow     0.89    1.00    0.89
punct      shallow     1.00    1.00    1.00
agreement  shallow     0.67    1.00    1.00
twohop     flexible    0.00    0.95    0.76
country    flexible    0.00    0.94    0.88
report     flexible    0.08    1.00    0.92
