Warning: You are sending unauthenticated requests to the HF Hub. Please set a HF_TOKEN to enable higher rate limits and faster downloads.
Loading weights:   0%|          | 0/292 [00:00<?, ?it/s]Loading weights:   5%|▌         | 16/292 [00:00<00:01, 159.88it/s]Loading weights:  12%|█▏        | 36/292 [00:00<00:01, 183.15it/s]Loading weights:  19%|█▉        | 55/292 [00:00<00:01, 184.32it/s]Loading weights:  25%|██▌       | 74/292 [00:00<00:01, 134.87it/s]Loading weights:  33%|███▎      | 96/292 [00:00<00:01, 159.37it/s]Loading weights: 100%|██████████| 292/292 [00:00<00:00, 474.68it/s]

== two-hop (gpt2-medium) ==
  city_continent     twohop 21/28   onehop 21/28   firsthop  5/28
  city_language      twohop 25/28   onehop 24/28   firsthop  5/28
  lang_capital       twohop 12/21   onehop 19/21   firsthop 21/21
  lang_continent     twohop 19/22   onehop 18/22   firsthop 22/22
  paper_animal-cover twohop  0/ 1   onehop  0/ 0   firsthop  0/ 0
  paper_animal-legs  twohop  0/ 1   onehop  0/ 0   firsthop  0/ 0
  paper_animal-nose  twohop  0/ 1   onehop  0/ 0   firsthop  0/ 0
  paper_beverage-source twohop  0/ 1   onehop  0/ 0   firsthop  0/ 0
  paper_bird-time    twohop  0/ 1   onehop  0/ 0   firsthop  0/ 0
  paper_city-capital twohop  0/ 6   onehop  0/ 0   firsthop  0/ 0
  paper_city-continent twohop  0/ 3   onehop  0/ 0   firsthop  0/ 0
  paper_city-currency twohop  1/ 1   onehop  0/ 0   firsthop  0/ 0
  paper_city-language twohop  3/ 3   onehop  0/ 0   firsthop  0/ 0
  paper_city-state   twohop  0/ 1   onehop  0/ 0   firsthop  0/ 0
  paper_element-color twohop  0/ 1   onehop  0/ 0   firsthop  0/ 0
  paper_element-state twohop  0/ 5   onehop  0/ 0   firsthop  0/ 0
  paper_element-symbol twohop  0/ 2   onehop  0/ 0   firsthop  0/ 0
  paper_food-animal  twohop  1/ 2   onehop  0/ 0   firsthop  0/ 0
  paper_fruit-grows  twohop  0/ 1   onehop  0/ 0   firsthop  0/ 0
  paper_gem-color    twohop  1/ 1   onehop  0/ 0   firsthop  0/ 0
  paper_holiday-month twohop  0/ 1   onehop  0/ 0   firsthop  0/ 0
  paper_instr-played twohop  0/ 2   onehop  0/ 0   firsthop  0/ 0
  paper_language-capital twohop  4/ 4   onehop  0/ 0   firsthop  0/ 0
  paper_multihop     twohop  3/27   onehop  0/ 0   firsthop  0/ 0
  paper_organ-count  twohop  0/ 1   onehop  0/ 0   firsthop  0/ 0
  paper_organ-function twohop  0/ 1   onehop  0/ 0   firsthop  0/ 0
  paper_organ-location twohop  0/ 1   onehop  0/ 0   firsthop  0/ 0
  paper_person-country twohop  0/ 2   onehop  0/ 0   firsthop  0/ 0
  paper_person-firstname twohop  2/ 3   onehop  0/ 0   firsthop  0/ 0
  paper_planet-color twohop  0/ 1   onehop  0/ 0   firsthop  0/ 0
  paper_planet-feature twohop  0/ 1   onehop  0/ 0   firsthop  0/ 0
  paper_river-capital twohop  1/ 1   onehop  0/ 0   firsthop  0/ 0
  paper_season-next  twohop  0/ 1   onehop  0/ 0   firsthop  0/ 0
  paper_sport-equip  twohop  0/ 1   onehop  0/ 0   firsthop  0/ 0
  paper_vehicle-power twohop  0/ 1   onehop  0/ 0   firsthop  0/ 0
  riddle             twohop  1/ 5   onehop  0/ 5   firsthop  0/ 0
  TOTAL two-hop pass: 94/183

== category report ==  top1-valid 8/16: ['color', 'fruit', 'sport', 'instrument', 'bird', 'language', 'profession', 'beverage']
   member-in-top5 14/16: ['country', 'color', 'fruit', 'sport', 'instrument', 'planet', 'tree', 'bird', 'language', 'profession', 'beverage', 'city', 'metal', 'day of the week']
   miss country          -> ' United'
   miss planet           -> ' planet'
   miss tree             -> ' tree'
   miss organ            -> ' organ'
   miss city             -> ' city'
   miss river            -> ' river'
   miss metal            -> ' metal'
   miss day of the week  -> ' sund'

== C4 grid (cells need >=3 correct args) ==
  countries    capital          6/10
  countries    language         9/10
  countries    continent        10/10
  months       season           3/4
  months       number           0/4
  months       holiday          0/4
  months       next_month       0/4
  animals      habitat          1/3
  animals      legs             0/4
  animals      class            2/3
  numbers      double           0/4
  numbers      square           0/4
  numbers      successor        0/4
  numbers      first_letter     3/4

== C5a language tasks ==
  fr1  French   cont->French   report Y('French'    ) country Y('France')
  fr2  French   cont->French   report Y('French'    ) country Y('France')
  de1  German   cont->German   report Y('German'    ) country Y('Germany')
  de2  German   cont->German   report Y('German'    ) country Y('Germany')
  es1  Spanish  cont->Spanish  report Y('Spanish'   ) country Y('Spain')
  es2  Spanish  cont->Spanish  report Y('Spanish'   ) country n('Mexico')
  it1  Italian  cont->unknown  report Y('Italian'   ) country Y('Italy')
  it2  Italian  cont->unknown  report Y('Italian'   ) country Y('Italy')
  fx1  French   cont->French   report Y('French'    ) country Y('France')
  gx1  German   cont->German   report Y('German'    ) country Y('Germany')
  sx1  Spanish  cont->Spanish  report Y('Spanish'   ) country Y('Spain')
  ix1  Italian  cont->French   report Y('Italian'   ) country Y('Italy')

saved results/capability_gpt2-medium.json
