Warning: You are sending unauthenticated requests to the HF Hub. Please set a HF_TOKEN to enable higher rate limits and faster downloads.
Loading weights:   0%|          | 0/436 [00:00<?, ?it/s]Loading weights:   3%|▎         | 13/436 [00:00<00:05, 81.26it/s]Loading weights:   5%|▌         | 22/436 [00:00<00:04, 85.21it/s]Loading weights:   7%|▋         | 31/436 [00:00<00:04, 86.36it/s]Loading weights:  21%|██▏       | 93/436 [00:00<00:01, 278.49it/s]Loading weights:  28%|██▊       | 123/436 [00:00<00:01, 284.58it/s]Loading weights:  35%|███▌      | 153/436 [00:00<00:01, 146.93it/s]Loading weights:  68%|██████▊   | 296/436 [00:01<00:00, 329.41it/s]Loading weights: 100%|██████████| 436/436 [00:01<00:00, 345.61it/s]
L 0  |vbar|^2 share 0.16  |cos| raw/cen 0.17/0.085  PC1 raw/cen 0.19/0.058  cos(axis,vbar) 0.997  unif axis/rand/cen 0.452/3.9/5.2  ampJ vbar/rand 0.50/0.32  ablk1 0.09/0.111  ablk10 0.15/0.186  gp16 0.070/0.079
L 1  |vbar|^2 share 0.13  |cos| raw/cen 0.15/0.080  PC1 raw/cen 0.16/0.051  cos(axis,vbar) 0.996  unif axis/rand/cen 0.446/3.8/10.0  ampJ vbar/rand 0.46/0.32  ablk1 0.04/0.063  ablk10 0.09/0.112  gp16 0.029/0.032
L 2  |vbar|^2 share 0.10  |cos| raw/cen 0.12/0.078  PC1 raw/cen 0.12/0.050  cos(axis,vbar) 0.991  unif axis/rand/cen 0.467/4.1/8.9  ampJ vbar/rand 0.40/0.35  ablk1 0.05/0.063  ablk10 0.09/0.098  gp16 0.024/0.027
L 3  |vbar|^2 share 0.08  |cos| raw/cen 0.10/0.072  PC1 raw/cen 0.10/0.041  cos(axis,vbar) 0.990  unif axis/rand/cen 0.468/7.8/8.7  ampJ vbar/rand 0.39/0.37  ablk1 0.06/0.083  ablk10 0.11/0.124  gp16 0.030/0.037
L 4  |vbar|^2 share 0.07  |cos| raw/cen 0.09/0.069  PC1 raw/cen 0.09/0.038  cos(axis,vbar) 0.988  unif axis/rand/cen 0.470/6.3/8.3  ampJ vbar/rand 0.40/0.40  ablk1 0.05/0.063  ablk10 0.10/0.120  gp16 0.038/0.044
L 5  |vbar|^2 share 0.07  |cos| raw/cen 0.09/0.066  PC1 raw/cen 0.09/0.034  cos(axis,vbar) 0.988  unif axis/rand/cen 0.464/10.2/5.7  ampJ vbar/rand 0.42/0.44  ablk1 0.05/0.071  ablk10 0.12/0.140  gp16 0.039/0.048
L 6  |vbar|^2 share 0.07  |cos| raw/cen 0.09/0.066  PC1 raw/cen 0.09/0.034  cos(axis,vbar) 0.987  unif axis/rand/cen 0.474/4.9/5.9  ampJ vbar/rand 0.46/0.47  ablk1 0.05/0.077  ablk10 0.11/0.136  gp16 0.038/0.047
L 7  |vbar|^2 share 0.07  |cos| raw/cen 0.09/0.064  PC1 raw/cen 0.08/0.032  cos(axis,vbar) 0.988  unif axis/rand/cen 0.472/8.0/5.4  ampJ vbar/rand 0.49/0.53  ablk1 0.05/0.077  ablk10 0.11/0.135  gp16 0.040/0.048
L 8  |vbar|^2 share 0.07  |cos| raw/cen 0.09/0.062  PC1 raw/cen 0.09/0.031  cos(axis,vbar) 0.989  unif axis/rand/cen 0.470/2.9/5.0  ampJ vbar/rand 0.52/0.56  ablk1 0.04/0.070  ablk10 0.12/0.155  gp16 0.041/0.051
L 9  |vbar|^2 share 0.07  |cos| raw/cen 0.09/0.062  PC1 raw/cen 0.09/0.031  cos(axis,vbar) 0.990  unif axis/rand/cen 0.465/6.7/4.7  ampJ vbar/rand 0.55/0.59  ablk1 0.06/0.083  ablk10 0.11/0.144  gp16 0.041/0.053
L10  |vbar|^2 share 0.07  |cos| raw/cen 0.09/0.062  PC1 raw/cen 0.09/0.032  cos(axis,vbar) 0.990  unif axis/rand/cen 0.471/34.9/5.2  ampJ vbar/rand 0.59/0.63  ablk1 0.07/0.087  ablk10 0.10/0.131  gp16 0.042/0.054
L11  |vbar|^2 share 0.07  |cos| raw/cen 0.09/0.062  PC1 raw/cen 0.09/0.032  cos(axis,vbar) 0.990  unif axis/rand/cen 0.468/4.7/4.9  ampJ vbar/rand 0.63/0.67  ablk1 0.06/0.077  ablk10 0.11/0.133  gp16 0.042/0.056
L12  |vbar|^2 share 0.07  |cos| raw/cen 0.09/0.060  PC1 raw/cen 0.09/0.031  cos(axis,vbar) 0.991  unif axis/rand/cen 0.456/3.4/5.2  ampJ vbar/rand 0.67/0.70  ablk1 0.07/0.090  ablk10 0.13/0.152  gp16 0.046/0.059
L13  |vbar|^2 share 0.08  |cos| raw/cen 0.09/0.060  PC1 raw/cen 0.09/0.032  cos(axis,vbar) 0.992  unif axis/rand/cen 0.452/4.1/4.7  ampJ vbar/rand 0.72/0.75  ablk1 0.08/0.096  ablk10 0.13/0.162  gp16 0.049/0.066
L14  |vbar|^2 share 0.08  |cos| raw/cen 0.09/0.059  PC1 raw/cen 0.09/0.030  cos(axis,vbar) 0.993  unif axis/rand/cen 0.453/4.3/5.5  ampJ vbar/rand 0.77/0.80  ablk1 0.08/0.099  ablk10 0.14/0.161  gp16 0.048/0.066
L15  |vbar|^2 share 0.08  |cos| raw/cen 0.09/0.057  PC1 raw/cen 0.09/0.029  cos(axis,vbar) 0.994  unif axis/rand/cen 0.442/2.2/7.5  ampJ vbar/rand 0.81/0.84  ablk1 0.09/0.100  ablk10 0.15/0.164  gp16 0.054/0.070
L16  |vbar|^2 share 0.08  |cos| raw/cen 0.09/0.056  PC1 raw/cen 0.09/0.030  cos(axis,vbar) 0.994  unif axis/rand/cen 0.433/2.6/4.3  ampJ vbar/rand 0.84/0.88  ablk1 0.09/0.095  ablk10 0.15/0.170  gp16 0.058/0.074
L17  |vbar|^2 share 0.07  |cos| raw/cen 0.08/0.053  PC1 raw/cen 0.09/0.028  cos(axis,vbar) 0.994  unif axis/rand/cen 0.424/4.3/4.8  ampJ vbar/rand 0.81/0.88  ablk1 0.09/0.101  ablk10 0.15/0.173  gp16 0.060/0.081
L18  |vbar|^2 share 0.07  |cos| raw/cen 0.08/0.051  PC1 raw/cen 0.08/0.027  cos(axis,vbar) 0.994  unif axis/rand/cen 0.416/9.5/8.4  ampJ vbar/rand 0.79/0.90  ablk1 0.10/0.112  ablk10 0.17/0.183  gp16 0.065/0.084
L19  |vbar|^2 share 0.07  |cos| raw/cen 0.08/0.050  PC1 raw/cen 0.08/0.026  cos(axis,vbar) 0.994  unif axis/rand/cen 0.412/12.5/11.6  ampJ vbar/rand 0.83/0.95  ablk1 0.11/0.118  ablk10 0.17/0.184  gp16 0.070/0.086
L20  |vbar|^2 share 0.07  |cos| raw/cen 0.07/0.048  PC1 raw/cen 0.08/0.025  cos(axis,vbar) 0.994  unif axis/rand/cen 0.410/6.9/8.6  ampJ vbar/rand 0.85/0.98  ablk1 0.11/0.120  ablk10 0.18/0.201  gp16 0.071/0.090
L21  |vbar|^2 share 0.06  |cos| raw/cen 0.07/0.046  PC1 raw/cen 0.07/0.024  cos(axis,vbar) 0.993  unif axis/rand/cen 0.411/4.2/9.7  ampJ vbar/rand 0.84/1.01  ablk1 0.12/0.120  ablk10 0.20/0.214  gp16 0.074/0.093
L22  |vbar|^2 share 0.06  |cos| raw/cen 0.07/0.043  PC1 raw/cen 0.07/0.023  cos(axis,vbar) 0.992  unif axis/rand/cen 0.408/6.1/11.4  ampJ vbar/rand 0.85/1.05  ablk1 0.13/0.130  ablk10 0.21/0.225  gp16 0.078/0.098
L23  |vbar|^2 share 0.06  |cos| raw/cen 0.06/0.041  PC1 raw/cen 0.07/0.021  cos(axis,vbar) 0.993  unif axis/rand/cen 0.410/3.7/9.0  ampJ vbar/rand 0.85/1.06  ablk1 0.14/0.139  ablk10 0.23/0.237  gp16 0.088/0.106
L24  |vbar|^2 share 0.05  |cos| raw/cen 0.06/0.039  PC1 raw/cen 0.06/0.019  cos(axis,vbar) 0.993  unif axis/rand/cen 0.406/3.4/21.9  ampJ vbar/rand 0.82/1.09  ablk1 0.16/0.157  ablk10 0.25/0.258  gp16 0.104/0.121
L25  |vbar|^2 share 0.05  |cos| raw/cen 0.06/0.038  PC1 raw/cen 0.06/0.019  cos(axis,vbar) 0.991  unif axis/rand/cen 0.415/5.7/16.6  ampJ vbar/rand 0.80/1.11  ablk1 0.18/0.173  ablk10 0.28/0.273  gp16 0.121/0.135
L26  |vbar|^2 share 0.04  |cos| raw/cen 0.05/0.037  PC1 raw/cen 0.05/0.018  cos(axis,vbar) 0.989  unif axis/rand/cen 0.417/6.5/10.6  ampJ vbar/rand 0.76/1.11  ablk1 0.22/0.211  ablk10 0.30/0.293  gp16 0.147/0.159
L27  |vbar|^2 share 0.04  |cos| raw/cen 0.05/0.036  PC1 raw/cen 0.05/0.019  cos(axis,vbar) 0.986  unif axis/rand/cen 0.427/5.1/4.7  ampJ vbar/rand 0.72/1.13  ablk1 0.23/0.219  ablk10 0.30/0.295  gp16 0.156/0.162
L28  |vbar|^2 share 0.04  |cos| raw/cen 0.05/0.036  PC1 raw/cen 0.04/0.019  cos(axis,vbar) 0.984  unif axis/rand/cen 0.415/21.4/5.3  ampJ vbar/rand 0.70/1.14  ablk1 0.26/0.245  ablk10 0.32/0.315  gp16 0.167/0.170
L29  |vbar|^2 share 0.03  |cos| raw/cen 0.04/0.036  PC1 raw/cen 0.04/0.019  cos(axis,vbar) 0.979  unif axis/rand/cen 0.429/10.6/4.8  ampJ vbar/rand 0.69/1.16  ablk1 0.25/0.240  ablk10 0.32/0.310  gp16 0.168/0.170
L30  |vbar|^2 share 0.03  |cos| raw/cen 0.04/0.036  PC1 raw/cen 0.04/0.020  cos(axis,vbar) 0.973  unif axis/rand/cen 0.417/4.6/4.5  ampJ vbar/rand 0.67/1.16  ablk1 0.27/0.258  ablk10 0.33/0.327  gp16 0.174/0.178
L31  |vbar|^2 share 0.03  |cos| raw/cen 0.04/0.035  PC1 raw/cen 0.03/0.018  cos(axis,vbar) 0.973  unif axis/rand/cen 0.396/37.8/5.4  ampJ vbar/rand 0.63/1.15  ablk1 0.27/0.265  ablk10 0.33/0.328  gp16 0.174/0.179
L32  |vbar|^2 share 0.03  |cos| raw/cen 0.04/0.034  PC1 raw/cen 0.03/0.018  cos(axis,vbar) 0.968  unif axis/rand/cen 0.391/13.4/6.7  ampJ vbar/rand 0.59/1.12  ablk1 0.24/0.238  ablk10 0.31/0.318  gp16 0.151/0.162
L33  |vbar|^2 share 0.03  |cos| raw/cen 0.04/0.033  PC1 raw/cen 0.03/0.017  cos(axis,vbar) 0.972  unif axis/rand/cen 0.364/36.5/7.6  ampJ vbar/rand 0.56/1.09  ablk1 0.20/0.211  ablk10 0.28/0.297  gp16 0.117/0.134
L34  |vbar|^2 share 0.03  |cos| raw/cen 0.04/0.033  PC1 raw/cen 0.03/0.017  cos(axis,vbar) 0.964  unif axis/rand/cen 0.384/12.2/8.8  ampJ vbar/rand 0.53/1.06  ablk1 0.18/0.197  ablk10 0.27/0.301  gp16 0.105/0.132
saved results/cone_gpt2-large.json
