Warning: You are sending unauthenticated requests to the HF Hub. Please set a HF_TOKEN to enable higher rate limits and faster downloads.
Loading weights:   0%|          | 0/148 [00:00<?, ?it/s]Loading weights: 100%|██████████| 148/148 [00:00<00:00, 8982.55it/s]

== two-hop (gpt2) ==
  city_continent     twohop  4/26   onehop  7/26   firsthop  0/26
  city_language      twohop 10/17   onehop 10/17   firsthop  0/17
  lang_capital       twohop  1/ 5   onehop  5/ 5   firsthop  1/ 5
  lang_continent     twohop  9/18   onehop  6/18   firsthop  6/18
  TOTAL two-hop pass: 24/66

== category report ==  top1-valid 0/7: []
   member-in-top5 4/7: ['insect', 'weather condition', 'fish', 'fabric']
   miss vegetable        -> ' blanket'
   miss insect           -> ' m'
   miss gem              -> ' hat'
   miss weather condition -> ' dry'
   miss body part        -> ' body'
   miss fish             -> ' fish'
   miss fabric           -> ' shirt'

== C4 grid (cells need >=3 correct args) ==
  countries    capital          7/10
  countries    language         10/10
  countries    continent        2/10
  months       season           0/4
  months       number           0/4
  months       holiday          0/4
  months       next_month       0/4
  animals      habitat          1/3
  animals      legs             0/4
  animals      class            1/3
  numbers      double           0/4
  numbers      square           0/4
  numbers      successor        0/4
  numbers      first_letter     2/4

== C5a language tasks ==
  cf1  French   cont->French   report Y('French'    ) country Y('France')
  cf2  French   cont->French   report Y('French'    ) country Y('France')
  cf3  French   cont->French   report Y('French'    ) country Y('France')
  cg1  German   cont->German   report n('English'   ) country Y('Germany')
  cg2  German   cont->German   report n('English'   ) country Y('Germany')
  cg3  German   cont->German   report n('English'   ) country Y('Germany')
  cs1  Spanish  cont->Spanish  report Y('Spanish'   ) country Y('Spain')
  cs2  Spanish  cont->Spanish  report Y('Spanish'   ) country Y('Spain')
  cs3  Spanish  cont->Spanish  report Y('Spanish'   ) country Y('Spain')
  ci1  Italian  cont->Italian  report Y('Italian'   ) country Y('Italy')
  ci2  Italian  cont->Italian  report n('English'   ) country Y('Italy')
  ci3  Italian  cont->Italian  report n('English'   ) country Y('Italy')

saved results/capability_gpt2.json
