Warning: You are sending unauthenticated requests to the HF Hub. Please set a HF_TOKEN to enable higher rate limits and faster downloads.
Loading weights:   0%|          | 0/292 [00:00<?, ?it/s]Loading weights: 100%|██████████| 292/292 [00:00<00:00, 38335.32it/s]
clean     wikitext   (shallow ) 1.00
clean     copy       (shallow ) 1.00
clean     cont_lang  (shallow ) 0.92
clean     twohop     (flexible) 1.00
clean     country    (flexible) 0.92
clean     report     (flexible) 1.00
ablate    wikitext   (shallow ) 0.39
ablate    copy       (shallow ) 0.35
ablate    cont_lang  (shallow ) 0.67
ablate    twohop     (flexible) 0.00
ablate    country    (flexible) 0.00
ablate    report     (flexible) 0.00
   [ablation removed 9.7% of residual norm on average]
randproj  wikitext   (shallow ) 0.78
randproj  copy       (shallow ) 1.00
randproj  cont_lang  (shallow ) 0.92
randproj  twohop     (flexible) 0.50
randproj  country    (flexible) 0.92
randproj  report     (flexible) 0.67
noise     wikitext   (shallow ) 0.68
noise     copy       (shallow ) 1.00
noise     cont_lang  (shallow ) 1.00
noise     twohop     (flexible) 1.00
noise     country    (flexible) 0.83
noise     report     (flexible) 0.67

retention vs clean (k=3, layers [14, 15, 16, 17, 18, 19, 20, 21, 22], centered):
task       kind      ablate  randproj   noise
wikitext   shallow     0.39    0.78    0.68
copy       shallow     0.35    1.00    1.00
cont_lang  shallow     0.73    1.00    1.09
twohop     flexible    0.00    0.50    1.00
country    flexible    0.00    1.00    0.91
report     flexible    0.00    0.67    0.67
