Warning: You are sending unauthenticated requests to the HF Hub. Please set a HF_TOKEN to enable higher rate limits and faster downloads.
Loading weights:   0%|          | 0/436 [00:00<?, ?it/s]Loading weights: 100%|██████████| 436/436 [00:00<00:00, 7043.03it/s]
clean     wikitext   (shallow ) 1.00
clean     copy       (shallow ) 1.00
clean     cont_lang  (shallow ) 1.00
clean     twohop     (flexible) 1.00
clean     country    (flexible) 1.00
clean     report     (flexible) 1.00
ablate    wikitext   (shallow ) 0.58
ablate    copy       (shallow ) 0.65
ablate    cont_lang  (shallow ) 1.00
ablate    twohop     (flexible) 0.00
ablate    country    (flexible) 0.00
ablate    report     (flexible) 0.50
   [ablation removed 12.1% of residual norm on average]
randproj  wikitext   (shallow ) 0.94
randproj  copy       (shallow ) 1.00
randproj  cont_lang  (shallow ) 1.00
randproj  twohop     (flexible) 0.00
randproj  country    (flexible) 1.00
randproj  report     (flexible) 1.00
noise     wikitext   (shallow ) 0.83
noise     copy       (shallow ) 1.00
noise     cont_lang  (shallow ) 1.00
noise     twohop     (flexible) 1.00
noise     country    (flexible) 1.00
noise     report     (flexible) 1.00

retention vs clean (k=1, layers [31, 32, 33, 34], centered):
task       kind      ablate  randproj   noise
wikitext   shallow     0.58    0.94    0.83
copy       shallow     0.65    1.00    1.00
cont_lang  shallow     1.00    1.00    1.00
twohop     flexible    0.00    0.00    1.00
country    flexible    0.00    1.00    1.00
report     flexible    0.50    1.00    1.00
