Warning: You are sending unauthenticated requests to the HF Hub. Please set a HF_TOKEN to enable higher rate limits and faster downloads.
Loading weights:   0%|          | 0/292 [00:00<?, ?it/s]Loading weights: 100%|██████████| 292/292 [00:00<00:00, 2974.70it/s]

== two-hop (gpt2-medium) ==
  city_continent     twohop 16/26   onehop 17/26   firsthop  5/26
  city_language      twohop 16/17   onehop 14/17   firsthop  4/17
  lang_capital       twohop  2/ 5   onehop  4/ 5   firsthop  4/ 5
  lang_continent     twohop 14/18   onehop 15/18   firsthop 15/18
  TOTAL two-hop pass: 48/66

== category report ==  top1-valid 3/7: ['vegetable', 'gem', 'body part']
   member-in-top5 6/7: ['vegetable', 'insect', 'gem', 'body part', 'fish', 'fabric']
   miss insect           -> ' cock'
   miss weather condition -> ' sunny'
   miss fish             -> ' fish'
   miss fabric           -> ' fabric'

== C4 grid (cells need >=3 correct args) ==
  countries    capital          9/10
  countries    language         10/10
  countries    continent        7/10
  months       season           3/4
  months       number           0/4
  months       holiday          0/4
  months       next_month       0/4
  animals      habitat          1/3
  animals      legs             0/4
  animals      class            2/3
  numbers      double           0/4
  numbers      square           0/4
  numbers      successor        0/4
  numbers      first_letter     3/4

== C5a language tasks ==
  cf1  French   cont->French   report Y('French'    ) country Y('France')
  cf2  French   cont->French   report Y('French'    ) country Y('France')
  cf3  French   cont->French   report Y('French'    ) country Y('France')
  cg1  German   cont->German   report Y('German'    ) country Y('Germany')
  cg2  German   cont->German   report Y('German'    ) country Y('Germany')
  cg3  German   cont->German   report Y('German'    ) country Y('Germany')
  cs1  Spanish  cont->Spanish  report Y('Spanish'   ) country n('Mexico')
  cs2  Spanish  cont->Spanish  report Y('Spanish'   ) country Y('Spain')
  cs3  Spanish  cont->Spanish  report Y('Spanish'   ) country Y('Spain')
  ci1  Italian  cont->Italian  report Y('Italian'   ) country Y('Italy')
  ci2  Italian  cont->Italian  report Y('Italian'   ) country Y('Italy')
  ci3  Italian  cont->Italian  report Y('Italian'   ) country Y('Italy')

saved results/capability_gpt2-medium.json
