Warning: You are sending unauthenticated requests to the HF Hub. Please set a HF_TOKEN to enable higher rate limits and faster downloads.
Loading weights:   0%|          | 0/292 [00:00<?, ?it/s]Loading weights: 100%|██████████| 292/292 [00:00<00:00, 3029.00it/s]
categories: 6 (usable = member in output top-5)
per-layer mean Spearman (lens ranks vs output ranks of members):
  L 0  +0.172  (min -0.32, max +0.64)
  L 1  +0.186  (min -0.38, max +0.67)
  L 2  +0.250  (min -0.43, max +0.60)
  L 3  +0.235  (min -0.24, max +0.67)
  L 4  +0.140  (min -0.45, max +0.81)
  L 5  +0.221  (min -0.31, max +0.86)
  L 6  +0.285  (min -0.29, max +0.93)
  L 7  +0.340  (min -0.12, max +0.83)
  L 8  +0.338  (min -0.14, max +0.81)
  L 9  +0.453  (min +0.06, max +0.83)
  L10  +0.424  (min -0.36, max +0.71)
  L11  +0.486  (min -0.38, max +0.72)
  L12  +0.481  (min -0.37, max +0.83)
  L13  +0.436  (min -0.29, max +0.83)
  L14  +0.466  (min -0.48, max +0.93)
  L15  +0.461  (min -0.76, max +0.88)
  L16  +0.491  (min -0.61, max +0.90)
  L17  +0.495  (min -0.47, max +0.90)
  L18  +0.460  (min -0.56, max +0.90)
  L19  +0.506  (min -0.40, max +0.90)
  L20  +0.491  (min -0.13, max +0.90)
  L21  +0.623  (min +0.15, max +0.95)
  L22  +0.738  (min +0.53, max +0.98)
