Warning: You are sending unauthenticated requests to the HF Hub. Please set a HF_TOKEN to enable higher rate limits and faster downloads.
Loading weights:   0%|          | 0/436 [00:00<?, ?it/s]Loading weights: 100%|██████████| 436/436 [00:00<00:00, 6887.93it/s]
n=36 (word x sentence) trials
median best lens rank:  think 7   dont 32   base 454
  think < base:  36/36
  think < dont:  31/36
  dont < base:  34/36
blurt (word in output top-10 somewhere in span, think cond): 14/36
non-blurt trials only (n=22): think 18  dont 126  base 468

per-layer median rank under think / base:
  L 0  think   1375   base   2314
  L 1  think   2713   base   3347
  L 2  think   1864   base   2584
  L 3  think   1469   base   2086
  L 4  think   1549   base   2354
  L 5  think   1802   base   2603
  L 6  think   2039   base   2309
  L 7  think   2056   base   3134
  L 8  think   2905   base   4105
  L 9  think   4001   base   5282
  L10  think   3500   base   4897
  L11  think   2951   base   3620
  L12  think   2982   base   3428
  L13  think   2515   base   3177
  L14  think   2358   base   2501
  L15  think   1993   base   2432
  L16  think   2447   base   3545
  L17  think   2595   base   4337
  L18  think   2630   base   3700
  L19  think   2684   base   3823
  L20  think   2068   base   3646
  L21  think   1790   base   3386
  L22  think   1725   base   3181
  L23  think    924   base   2616
  L24  think    508   base   2181
  L25  think    371   base   2127
  L26  think    340   base   1717
  L27  think    151   base   1652
  L28  think    142   base   1442
  L29  think     85   base   1520
  L30  think     62   base   1563
  L31  think     30   base   1659
  L32  think     15   base   1450
  L33  think      9   base   1492
  L34  think      9   base   1856
saved results/c2_gpt2-large_confirm.json
