Warning: You are sending unauthenticated requests to the HF Hub. Please set a HF_TOKEN to enable higher rate limits and faster downloads.
Loading weights:   0%|          | 0/148 [00:00<?, ?it/s]Loading weights: 100%|██████████| 148/148 [00:00<00:00, 14213.42it/s]
clean     wikitext   (shallow ) 1.00
clean     copy       (shallow ) 1.00
clean     cont_lang  (shallow ) 1.00
clean     twohop     (flexible) 1.00
clean     country    (flexible) 1.00
clean     report     (flexible) nan
ablate    wikitext   (shallow ) 0.63
ablate    copy       (shallow ) 0.88
ablate    cont_lang  (shallow ) 1.00
ablate    twohop     (flexible) 0.00
ablate    country    (flexible) 0.00
ablate    report     (flexible) nan
   [ablation removed 12.0% of residual norm on average]
randproj  wikitext   (shallow ) 0.92
randproj  copy       (shallow ) 1.00
randproj  cont_lang  (shallow ) 1.00
randproj  twohop     (flexible) 1.00
randproj  country    (flexible) 1.00
randproj  report     (flexible) nan
noise     wikitext   (shallow ) 0.75
noise     copy       (shallow ) 1.00
noise     cont_lang  (shallow ) 0.92
noise     twohop     (flexible) 1.00
noise     country    (flexible) 0.92
noise     report     (flexible) nan

retention vs clean (k=1, layers [7, 8, 9, 10], centered):
task       kind      ablate  randproj   noise
wikitext   shallow     0.63    0.92    0.75
copy       shallow     0.88    1.00    1.00
cont_lang  shallow     1.00    1.00    0.92
twohop     flexible    0.00    1.00    1.00
country    flexible    0.00    1.00    0.92
report     flexible     nan     nan     nan
